Wed 31 Mar 2021 01:42:58 PM CEST
;; 1. Based on: 0026
;; 2. Description: FIX RKI Modell (Ges.Dtl), open IIVs, 17 Effects RKI/MP
;; x1. Author: dings

;; 3. Label:

$SIZES NO=5000 PD=-100 LVR=50

$PROBLEM COVID-19 cases

$INPUT ID TIME DROP Landkreis=DROP IdLandkreis Bundesland=DROP ID_BL=DROP DV AMT MDV CMT Week OBS EWZ DV_CASE0 SCHOOLS STORECLOSURE CURFEW RESTRAININGORDER CARNIVAL day=DROP MDVWKND=DROP fixR0_0 fixR0_1 fixR0_2 fixR0_3 fixR0_4 fixR0_5 fixR0_6 fixR0_7 fixR0_8 fixR0_9 fixR0_10 fixR0_11 fixR0_12 fixR0_13 fixR0_14 fixR0_15 fixR0_16 fixR0_17 fixR0_18 fixR0_19 fixR0_20 fixR0_21=DROP fixR0_22=DROP fixR0_23=DROP fixR0_24=DROP fixR0_25=DROP fixCP_4 fixCP_5 fixCP_6 fixCP_7 fixCP_8 fixCP_9 fixCP_10 fixCP_11 fixCP_12 fixCP_13 fixCP_14 fixCP_15 fixCP_16 fixCP_17 fixCP_18 fixCP_19 fixCP_20 fixCP_21=DROP fixCP_22=DROP fixCP_23=DROP fixCP_24=DROP fixCP_25=DROP fixF2 PREDIC
$DATA Landkreise_V4_2021_03_31_R0_0048.csv IGNORE=@ IGNORE(PREDIC.EQ.1) IGNORE(CMT.GT.3)
$SUBROUTINES ADVAN13 TOL=6
$MODEL NCOMPS=3

$PK
NUMBER = EWZ
Q_0 = 0
;;;;Metakis-Information;;;;;
P_KH = 0.801 ;Prozent Normalstation
P_ICU = 0.252 ;Prozent ICU vs BEAT
P_BEAT_D = 0.514;Sterberate Beatmet
P_ICU_D = 0.204 ;Sterberate ICU
P_KH_D = 0.155 ;Sterberate KH
LD_BEAT_D = 13 ;Liegedauer Beatmet verstorben
LD_BEAT_L = 35;Liegedauer Beatmet entlassen
LD_ICU_D = 13;Liegedauer ICU verstorben
LD_ICU_L = 19;Liegedauer ICU entlassen
LD_KH_D = 8.8;Liegedauer KH verstorben
LD_KH_L = 12;Liegedauer KH entlassen
P_BEAT_AUFENTHALT_D = 0.76;Beatmung % Aufenthalt verstorben
P_BEAT_AUFENTHALT_L = 0.49;Beatmung % Aufenthalt entlassen
P_BEAT_on_ICU_AUFENTHALT_D = 0.88;beatmet ICU % Aufenthalt verstorben
P_BEAT_on_ICU_AUFENTHALT_L =  0.75;beatmet ICU % Aufenthalt entlassen
P_ICU_AUFENTHALT_D = 0.57;unbeatmet ICU % Aufenthalt verstorben
P_ICU_AUFENTHALT_L = 0.34;unbeatmet ICU % Aufenthalt entlassen

R0START = fixR0_0

COV1 = SCHOOLS
E1 = fixR0_1
COV2 = CARNIVAL
E2 = fixR0_2
COV3 = MAX(CURFEW,RESTRAININGORDER)
E3 = fixR0_3
MTDIFF = 1
MTIME(1) = fixCP_4
COV4 = MPAST(1)
E4 = fixR0_4
MTIME(2) = fixCP_5
COV5 = MPAST(2)
E5 = fixR0_5
MTIME(3) = fixCP_6
COV6 = MPAST(3)
E6 = fixR0_6
MTIME(4) = fixCP_7
COV7 = MPAST(4)
E7 = fixR0_7
MTIME(5) = fixCP_8
COV8 = MPAST(5)
E8 = fixR0_8
MTIME(7) = fixCP_9
COV9 = MPAST(7)
E9 = fixR0_9
MTIME(8) = fixCP_10
COV10 = MPAST(8)
E10 = fixR0_10
MTIME(9) = fixCP_11
COV11 = MPAST(9)
E11 =fixR0_11

MTIME(10) = MTIME(9)+THETA(1)
COV12 = MPAST(10)
E12 = THETA(2)*EXP(ETA(1))

MTIME(11) = MTIME(10)+THETA(3)
COV13 = MPAST(11)
E13 = THETA(4)*EXP(ETA(2))

MTIME(12) = MTIME(11)+THETA(5)
COV14 = MPAST(12)
E14 = THETA(6)*EXP(ETA(3))

MTIME(13) = MTIME(12)+THETA(7)
COV15 = MPAST(13)
E15 = THETA(8)*EXP(ETA(4))

MTIME(14) = MTIME(13)+THETA(9)
COV16 = MPAST(14)
E16 = THETA(10)*EXP(ETA(5))

MTIME(15) = MTIME(14)+THETA(11)
COV17 = MPAST(15)
E17 = THETA(12)*EXP(ETA(6))

MTIME(16) = MTIME(15)+THETA(13)
COV18 = MPAST(16)
E18 = THETA(14)*EXP(ETA(7))

MTIME(17) = MTIME(16)+THETA(15)
COV19 = MPAST(17)
E19 = THETA(16)*EXP(ETA(8))

MTIME(18) = MTIME(17)+THETA(17)
COV20 = MPAST(18)
E20 = THETA(18)*EXP(ETA(9))

MTIME(19) = MTIME(18)+THETA(19)
COV21 = MPAST(19)
E21 = THETA(20)*EXP(ETA(10))

MTIME(20) = MTIME(19)+THETA(21)
COV22 = MPAST(20)
E22 = THETA(22)*EXP(ETA(11))

MTIME(21) = MTIME(20)+THETA(23)
COV23 = MPAST(21)
E23 = THETA(24)*EXP(ETA(12))
MTIME(22) = MTIME(21)+THETA(25)
COV24 = MPAST(22)
E24 = THETA(26)*EXP(ETA(13))
MTIME(23) = THETA(27)
COV25 = MPAST(23)
E25 = THETA(28)*EXP(ETA(14))

R0FREE_OLD = R0START*(1-COV1)+E2*COV2+E1*(COV1-COV3)+E3*(COV3-COV4)+E4*(COV4-COV5)+E5*(COV5-COV6)+E6*(COV6-COV7)+E7*(COV7-COV8)+E8*(COV8-COV9)+E9*(COV9-COV10)+E10*(COV10-COV11)+E11*(COV11-COV12)+E12*(COV12-COV13)+E13*(COV13-COV14)+E14*(COV14-COV15)+E15*(COV15-COV16)+E16*(COV16-COV17)+E17*(COV17-COV18)+E18*(COV18-COV19)+E19*(COV19-COV20)+E20*(COV20-COV21)+E21*(COV21-COV22)+E22*(COV22-COV23)+E23*(COV23-COV24)+E24*(COV24-COV25)+E25*COV25
R0BASE = R0START
R0END = E18
R0_0 = R0START ;Startwert
R0_1 = E1 ;Startwert
R0_2 = E2 ;nach Schulschließung
R0_3 = E3 ;nach Kontaktverbot
R0_4 = E4 ;
CP_4 = MTIME(1)
R0_5 = E5 ;
CP_5 = MTIME(2)
R0_6 = E6 ;
CP_6 = MTIME(3)
R0_7 = E7 ;
CP_7 = MTIME(4)
R0_8 = E8 ;
CP_8 = MTIME(5)
R0_9 = E9 ;
CP_9 = MTIME(7)
R0_10 = E10 ;
CP_10 = MTIME(8)
R0_11 = E11 ;
CP_11 = MTIME(9)
R0_12 = E12 ;
CP_12 = MTIME(10)
R0_13 = E13 ;
CP_13 = MTIME(11)
R0_14 = E14 ;
CP_14 = MTIME(12)
R0_15 = E15 ;
CP_15 = MTIME(13)
R0_16 = E16 ;
CP_16 = MTIME(14)
R0_17 = E17 ;
CP_17 = MTIME(15)
R0_18 = E18 ;
CP_18 = MTIME(16)
R0_19 = E19 ;
CP_19 = MTIME(17)
R0_20 = E20 ;
CP_20 = MTIME(18)
R0_21 = E21 ;
CP_21 = MTIME(19)
R0_22 = E22 ;
CP_22 = MTIME(20)
R0_23 = E23 ;
CP_23 = MTIME(21)
R0_24 = E24 ;
CP_24 = MTIME(22)
R0_25 = E25 ;
CP_25 = MTIME(23)

F2 = fixF2
ALAG2 = 9

isolation = 100
infectious = 7

gamma = 1/(infectious)

MTIME(6) = 1
MTDIFF = 1
REC_TIME = MPAST(6)

A_0(1) = NUMBER
k=0.072
initMutante=0.002
Starttag = 347

$DES
DaysSinceMutante = T-Starttag
IF(T.LT.Starttag) DaysSinceMutante = 0
Mutante = 1/(1+((1-initMutante)/initMutante)*EXP(-k*DaysSinceMutante))
IF(T.LT.Starttag) Mutante = 0
R0FREE = R0FREE_OLD*(1-Mutante)+R0FREE_OLD*1.35*Mutante
beta = R0FREE*gamma

DADT(1) = -beta*A(1)/NUMBER*A(2) 
DADT(2) = beta*A(1)/NUMBER*A(2) -  gamma*A(2) 
DADT(3) = gamma*A(2)

$ERROR
CASES = A(3)+Q_0
IPRED = CASES
W = IPRED
DEL = 0
IF(IPRED.EQ.0) DEL = 0.001
IRES	= DV -  IPRED
IWRES   = IRES/(W+DEL)
Y  = IPRED *EXP(EPS(1)) + EPS(2)

$THETA
(0, 17.8,30) FIX;1 +MTIME12
(0.5, 1.24,5) FIX;2 EFFECT12
(0, 26.7,30) FIX;3 +MTIME13
(0.5, 1.51,5) FIX;4 EFFECT13
(0, 7.01,10) FIX;5 +MTIME14
(0.5, 1.54,5) FIX;6 EFFECT14
(0, 19.1,30) FIX;7 +MTIME15
(0.5, 1.04,5) FIX;8 EFFECT15
(0, 13.6,30) FIX;9 +MTIME16
(0.5, 0.996,5) FIX;10 EFFECT16
(0, 9.32) FIX;11 +MTIME17
(0.5, 0.933) FIX;12 EFFECT17
(0, 8.21) FIX;13 +MTIME18
(0.5, 1.23) FIX;14 EFFECT18
(0, 19) FIX;15 +MTIME19
(0.5, 0.673) FIX;16 EFFECT19
(0, 10.3) FIX;17 +MTIME20
(0.5, 1.23) FIX;18 EFFECT20
(0, 10.4) FIX;19 +MTIME21
(0.5, 0.775) FIX;20 EFFECT21
(0, 9.59) FIX;21 +MTIME22
(0.5, 0.837) FIX;22 EFFECT22
(0, 11.3) FIX;23 +MTIME23
(0.5, 0.743) FIX;24 EFFECT23
(0, 12) FIX;25 +MTIME24
(0, 0.938) FIX;26 EFFECT24
442 FIX;27 +MTIME24
(0, 0.982) FIX;28 EFFECT24

$OMEGA 
 0.0127 FIX;1 EFFECT12
 0.0336 FIX;2 EFFECT13
 0.00247 FIX;3 EFFECT14
 0.00386 FIX;4 EFFECT15
 0.0359 FIX;5 EFFECT16
 0.0232 FIX;6 EFFECT17
 0.004 FIX;7 EFFECT18
 0.0257 FIX;8 EFFECT19
 0.0065 FIX;9 EFFECT20
 0.0114 FIX;10 EFFECT21
 0.0271 FIX;11 EFFECT22
 0.0121 FIX;12 EFFECT23
 0.0038 FIX;13 EFFECT24
 0.0015 FIX;14 EFFECT25

$SIGMA 
 0.0037 ;prop c
10 ;add c

$EST METHOD=1 INTER MAXEVAL=9999 NOABORT NSIG=3 SIGL=6 PRINT=1 POSTHOC

$COV UNCONDITIONAL

$TABLE ID TIME DV OBS CMT MDV IPRED IdLandkreis R0_0 R0_1 R0_2 R0_3 R0_4 R0_5 R0_6 R0_7 R0_8 R0_9 R0_10 R0_11 R0_12 R0_13 R0_14 R0_15 R0_16 R0_17 R0_18 R0_19 R0_20 R0_21 R0_22 R0_23 R0_24 R0_25 CP_4 CP_5 CP_6 CP_7 CP_8 CP_9 CP_10 CP_11 CP_12 CP_13 CP_14 CP_15 CP_16 CP_17 CP_18 CP_19 CP_20 CP_21 CP_22 CP_23 CP_24 CP_25 F2 R0FREE R0END ONEHEADER NOPRINT FILE=sdtab0050

NM-TRAN MESSAGES
  
 WARNINGS AND ERRORS (IF ANY) FOR PROBLEM    1
             
 (WARNING  2) NM-TRAN INFERS THAT THE DATA ARE POPULATION.
             
 (WARNING  68) THE INT, MOD, MIN, OR MAX FUNCTION IS BEING USED OUTSIDE OF A
 SIMULATION BLOCK. IF THE FUNCTION VALUE AFFECTS THE VALUE OF THE
 OBJECTIVE FUNCTION, THEN AN ERROR WILL PROBABLY OCCUR.
             
 (WARNING  48) DES-DEFINED ITEMS ARE COMPUTED ONLY WHEN EVENT TIME
 INCREASES. E.G., DISPLAYED VALUES ASSOCIATED WITH THE FIRST EVENT RECORD
 OF AN INDIVIDUAL RECORD ARE COMPUTED WITH (THE LAST ADVANCE TO) AN EVENT
 TIME OF THE PRIOR INDIVIDUAL RECORD.

License Registered to: Univ des Saarlandes
Expiration Date:    14 NOV 2021
Current Date:       31 MAR 2021
Days until program expires : 223
1NONLINEAR MIXED EFFECTS MODEL PROGRAM (NONMEM) VERSION 7.4.3
 ORIGINALLY DEVELOPED BY STUART BEAL, LEWIS SHEINER, AND ALISON BOECKMANN
 CURRENT DEVELOPERS ARE ROBERT BAUER, ICON DEVELOPMENT SOLUTIONS,
 AND ALISON BOECKMANN. IMPLEMENTATION, EFFICIENCY, AND STANDARDIZATION
 PERFORMED BY NOUS INFOSYSTEMS.

 PROBLEM NO.:         1
 COVID-19 cases
0DATA CHECKOUT RUN:              NO
 DATA SET LOCATED ON UNIT NO.:    2
 THIS UNIT TO BE REWOUND:        NO
 NO. OF DATA RECS IN DATA SET:   117325
 NO. OF DATA ITEMS IN DATA SET:  57
 ID DATA ITEM IS DATA ITEM NO.:   1
 DEP VARIABLE IS DATA ITEM NO.:   4
 MDV DATA ITEM IS DATA ITEM NO.:  6
0INDICES PASSED TO SUBROUTINE PRED:
  57   2   5   0   0   0   7   0   0   0   0
0LABELS FOR DATA ITEMS:
 ID TIME IdLandkreis DV AMT MDV CMT Week OBS EWZ DV_CASE0 SCHOOLS STORECLOSURE CURFEW RESTRAININGORDER CARNIVAL fixR0_0
 fixR0_1 fixR0_2 fixR0_3 fixR0_4 fixR0_5 fixR0_6 fixR0_7 fixR0_8 fixR0_9 fixR0_10 fixR0_11 fixR0_12 fixR0_13 fixR0_14
 fixR0_15 fixR0_16 fixR0_17 fixR0_18 fixR0_19 fixR0_20 fixCP_4 fixCP_5 fixCP_6 fixCP_7 fixCP_8 fixCP_9 fixCP_10 fixCP_11
 fixCP_12 fixCP_13 fixCP_14 fixCP_15 fixCP_16 fixCP_17 fixCP_18 fixCP_19 fixCP_20 fixF2 PREDIC EVID
0(NONBLANK) LABELS FOR PRED-DEFINED ITEMS:
 R0END R0_0 R0_1 R0_2 R0_3 R0_4 CP_4 R0_5 CP_5 R0_6 CP_6 R0_7 CP_7 R0_8 CP_8 R0_9 CP_9 R0_10 CP_10 R0_11 CP_11 R0_12 CP_12
 R0_13 CP_13 R0_14 CP_14 R0_15 CP_15 R0_16 CP_16 R0_17 CP_17 R0_18 CP_18 R0_19 CP_19 R0_20 CP_20 R0_21 CP_21 R0_22 CP_22
 R0_23 CP_23 R0_24 CP_24 R0_25 CP_25 F2 R0FREE IPRED
0FORMAT FOR DATA:
 (9(6E11.0/),2E11.0,1F2.0)

 TOT. NO. OF OBS RECS:   116913
 TOT. NO. OF INDIVIDUALS:      412
0LENGTH OF THETA:  28
0DEFAULT THETA BOUNDARY TEST OMITTED:    NO
0OMEGA HAS SIMPLE DIAGONAL FORM WITH DIMENSION:  14
0DEFAULT OMEGA BOUNDARY TEST OMITTED:    NO
0SIGMA HAS SIMPLE DIAGONAL FORM WITH DIMENSION:   2
0DEFAULT SIGMA BOUNDARY TEST OMITTED:    NO
0INITIAL ESTIMATE OF THETA:
 LOWER BOUND    INITIAL EST    UPPER BOUND
  0.1780E+02     0.1780E+02     0.1780E+02
  0.1240E+01     0.1240E+01     0.1240E+01
  0.2670E+02     0.2670E+02     0.2670E+02
  0.1510E+01     0.1510E+01     0.1510E+01
  0.7010E+01     0.7010E+01     0.7010E+01
  0.1540E+01     0.1540E+01     0.1540E+01
  0.1910E+02     0.1910E+02     0.1910E+02
  0.1040E+01     0.1040E+01     0.1040E+01
  0.1360E+02     0.1360E+02     0.1360E+02
  0.9960E+00     0.9960E+00     0.9960E+00
  0.9320E+01     0.9320E+01     0.9320E+01
  0.9330E+00     0.9330E+00     0.9330E+00
  0.8210E+01     0.8210E+01     0.8210E+01
  0.1230E+01     0.1230E+01     0.1230E+01
  0.1900E+02     0.1900E+02     0.1900E+02
  0.6730E+00     0.6730E+00     0.6730E+00
  0.1030E+02     0.1030E+02     0.1030E+02
  0.1230E+01     0.1230E+01     0.1230E+01
  0.1040E+02     0.1040E+02     0.1040E+02
  0.7750E+00     0.7750E+00     0.7750E+00
  0.9590E+01     0.9590E+01     0.9590E+01
  0.8370E+00     0.8370E+00     0.8370E+00
  0.1130E+02     0.1130E+02     0.1130E+02
  0.7430E+00     0.7430E+00     0.7430E+00
  0.1200E+02     0.1200E+02     0.1200E+02
  0.9380E+00     0.9380E+00     0.9380E+00
  0.4420E+03     0.4420E+03     0.4420E+03
  0.9820E+00     0.9820E+00     0.9820E+00
0INITIAL ESTIMATE OF OMEGA:
 0.1270E-01
 0.0000E+00   0.3360E-01
 0.0000E+00   0.0000E+00   0.2470E-02
 0.0000E+00   0.0000E+00   0.0000E+00   0.3860E-02
 0.0000E+00   0.0000E+00   0.0000E+00   0.0000E+00   0.3590E-01
 0.0000E+00   0.0000E+00   0.0000E+00   0.0000E+00   0.0000E+00   0.2320E-01
 0.0000E+00   0.0000E+00   0.0000E+00   0.0000E+00   0.0000E+00   0.0000E+00   0.4000E-02
 0.0000E+00   0.0000E+00   0.0000E+00   0.0000E+00   0.0000E+00   0.0000E+00   0.0000E+00   0.2570E-01
 0.0000E+00   0.0000E+00   0.0000E+00   0.0000E+00   0.0000E+00   0.0000E+00   0.0000E+00   0.0000E+00   0.6500E-02
 0.0000E+00   0.0000E+00   0.0000E+00   0.0000E+00   0.0000E+00   0.0000E+00   0.0000E+00   0.0000E+00   0.0000E+00   0.1140E-01
 0.0000E+00   0.0000E+00   0.0000E+00   0.0000E+00   0.0000E+00   0.0000E+00   0.0000E+00   0.0000E+00   0.0000E+00   0.0000E+00
 0.2710E-01
 0.0000E+00   0.0000E+00   0.0000E+00   0.0000E+00   0.0000E+00   0.0000E+00   0.0000E+00   0.0000E+00   0.0000E+00   0.0000E+00
 0.0000E+00   0.1210E-01
 0.0000E+00   0.0000E+00   0.0000E+00   0.0000E+00   0.0000E+00   0.0000E+00   0.0000E+00   0.0000E+00   0.0000E+00   0.0000E+00
 0.0000E+00   0.0000E+00   0.3800E-02
 0.0000E+00   0.0000E+00   0.0000E+00   0.0000E+00   0.0000E+00   0.0000E+00   0.0000E+00   0.0000E+00   0.0000E+00   0.0000E+00
 0.0000E+00   0.0000E+00   0.0000E+00   0.1500E-02
0OMEGA CONSTRAINED TO BE THIS INITIAL ESTIMATE
0INITIAL ESTIMATE OF SIGMA:
 0.3700E-02
 0.0000E+00   0.1000E+02
0COVARIANCE STEP OMITTED:        NO
 EIGENVLS. PRINTED:              NO
 SPECIAL COMPUTATION:            NO
 COMPRESSED FORMAT:              NO
 GRADIENT METHOD USED:     NOSLOW
 SIGDIGITS ETAHAT (SIGLO):                  -1
 SIGDIGITS GRADIENTS (SIGL):                -1
 EXCLUDE COV FOR FOCE (NOFCOV):              NO
 TURN OFF Cholesky Transposition of R Matrix (CHOLROFF): NO
 KNUTHSUMOFF:                                -1
 RESUME COV ANALYSIS (RESUME):               NO
 SIR SAMPLE SIZE (SIRSAMPLE):              -1
 NON-LINEARLY TRANSFORM THETAS DURING COV (THBND): 1
 PRECONDTIONING CYCLES (PRECOND):        0
 PRECONDTIONING TYPES (PRECONDS):        TOS
 FORCED PRECONDTIONING CYCLES (PFCOND):0
 PRECONDTIONING TYPE (PRETYPE):        0
 FORCED POS. DEFINITE SETTING: (FPOSDEF):0
0TABLES STEP OMITTED:    NO
 NO. OF TABLES:           1
 SEED NUMBER (SEED):    11456
 RANMETHOD:             3U
 MC SAMPLES (ESAMPLE):    300
 WRES SQUARE ROOT TYPE (WRESCHOL): EIGENVALUE
0-- TABLE   1 --
0RECORDS ONLY:    ALL
04 COLUMNS APPENDED:    YES
 PRINTED:                NO
 HEADERS:               ONE
 FILE TO BE FORWARDED:   NO
 FORMAT:                S1PE11.4
 LFORMAT:
 RFORMAT:
 FIXED_EFFECT_ETAS:
0USER-CHOSEN ITEMS:
 ID TIME DV OBS CMT MDV IPRED IdLandkreis R0_0 R0_1 R0_2 R0_3 R0_4 R0_5 R0_6 R0_7 R0_8 R0_9 R0_10 R0_11 R0_12 R0_13 R0_14
 R0_15 R0_16 R0_17 R0_18 R0_19 R0_20 R0_21 R0_22 R0_23 R0_24 R0_25 CP_4 CP_5 CP_6 CP_7 CP_8 CP_9 CP_10 CP_11 CP_12 CP_13
 CP_14 CP_15 CP_16 CP_17 CP_18 CP_19 CP_20 CP_21 CP_22 CP_23 CP_24 CP_25 F2 R0FREE R0END
1DOUBLE PRECISION PREDPP VERSION 7.4.3

 GENERAL NONLINEAR KINETICS MODEL WITH STIFF/NONSTIFF EQUATIONS (LSODA, ADVAN13)
0MODEL SUBROUTINE USER-SUPPLIED - ID NO. 9999
0MAXIMUM NO. OF BASIC PK PARAMETERS:   6
0COMPARTMENT ATTRIBUTES
 COMPT. NO.   FUNCTION   INITIAL    ON/OFF      DOSE      DEFAULT    DEFAULT
                         STATUS     ALLOWED    ALLOWED    FOR DOSE   FOR OBS.
    1         COMP 1       ON         YES        YES        YES        YES
    2         COMP 2       ON         YES        YES        NO         NO
    3         COMP 3       ON         YES        YES        NO         NO
    4         OUTPUT       OFF        YES        NO         NO         NO
 INITIAL (BASE) TOLERANCE SETTINGS:
 NRD (RELATIVE) VALUE(S) OF TOLERANCE:   6
 ANRD (ABSOLUTE) VALUE(S) OF TOLERANCE:  12
1
 ADDITIONAL PK PARAMETERS - ASSIGNMENT OF ROWS IN GG
 COMPT. NO.                             INDICES
              SCALE      BIOAVAIL.   ZERO-ORDER  ZERO-ORDER  ABSORB
                         FRACTION    RATE        DURATION    LAG
    1            *           *           *           *           *
    2            *           7           *           *           8
    3            *           *           *           *           *
    4            *           -           -           -           -
             - PARAMETER IS NOT ALLOWED FOR THIS MODEL
             * PARAMETER IS NOT SUPPLIED BY PK SUBROUTINE;
               WILL DEFAULT TO ONE IF APPLICABLE
0FIRST MODEL TIME PARAMETER ASSIGNED TO ROW NO.:  9
 LAST  MODEL TIME PARAMETER ASSIGNED TO ROW NO.: 31
0DATA ITEM INDICES USED BY PRED ARE:
   EVENT ID DATA ITEM IS DATA ITEM NO.:     57
   TIME DATA ITEM IS DATA ITEM NO.:          2
   DOSE AMOUNT DATA ITEM IS DATA ITEM NO.:   5
   COMPT. NO. DATA ITEM IS DATA ITEM NO.:    7

0PK SUBROUTINE CALLED WITH EVERY EVENT RECORD.
 PK SUBROUTINE CALLED AT NONEVENT (ADDITIONAL AND LAGGED) DOSE TIMES AND AT MODEL TIMES.

0PK SUBROUTINE INDICATES THAT COMPARTMENT AMOUNTS ARE INITIALIZED.
0ERROR SUBROUTINE CALLED WITH EVERY EVENT RECORD.
0ERROR SUBROUTINE INDICATES THAT DERIVATIVES OF COMPARTMENT AMOUNTS ARE USED.
0DES SUBROUTINE USES COMPACT STORAGE MODE.

 #PARA: PARAFILE=pirana_auto_mpi.pnm, PROTOCOL=MPI, NODES= 24

1


 #TBLN:      1
 #METH: First Order Conditional Estimation with Interaction

 ESTIMATION STEP OMITTED:                 NO
 ANALYSIS TYPE:                           POPULATION
 NUMBER OF SADDLE POINT RESET ITERATIONS:      0
 GRADIENT METHOD USED:               NOSLOW
 CONDITIONAL ESTIMATES USED:              YES
 CENTERED ETA:                            NO
 EPS-ETA INTERACTION:                     YES
 LAPLACIAN OBJ. FUNC.:                    NO
 NO. OF FUNCT. EVALS. ALLOWED:            9999
 NO. OF SIG. FIGURES REQUIRED:            3
 INTERMEDIATE PRINTOUT:                   YES
 ESTIMATE OUTPUT TO MSF:                  NO
 ABORT WITH PRED EXIT CODE 1:             NO
 IND. OBJ. FUNC. VALUES SORTED:           NO
 NUMERICAL DERIVATIVE
       FILE REQUEST (NUMDER):               NONE
 MAP (ETAHAT) ESTIMATION METHOD (OPTMAP):   0
 ETA HESSIAN EVALUATION METHOD (ETADER):    0
 INITIAL ETA FOR MAP ESTIMATION (MCETA):    0
 SIGDIGITS FOR MAP ESTIMATION (SIGLO):      6
 GRADIENT SIGDIGITS OF
       FIXED EFFECTS PARAMETERS (SIGL):     6
 NOPRIOR SETTING (NOPRIOR):                 OFF
 NOCOV SETTING (NOCOV):                     OFF
 DERCONT SETTING (DERCONT):                 OFF
 FINAL ETA RE-EVALUATION (FNLETA):          ON
 EXCLUDE NON-INFLUENTIAL (NON-INFL.) ETAS
       IN SHRINKAGE (ETASTYPE):             NO
 NON-INFL. ETA CORRECTION (NONINFETA):      OFF
 RAW OUTPUT FILE (FILE): 0050.ext
 EXCLUDE TITLE (NOTITLE):                   NO
 EXCLUDE COLUMN LABELS (NOLABEL):           NO
 FORMAT FOR ADDITIONAL FILES (FORMAT):      S1PE12.5
 PARAMETER ORDER FOR OUTPUTS (ORDER):       TSOL
 WISHART PRIOR DF INTERPRETATION (WISHTYPE):0
 KNUTHSUMOFF:                               0
 INCLUDE LNTWOPI:                           NO
 INCLUDE CONSTANT TERM TO PRIOR (PRIORC):   NO
 INCLUDE CONSTANT TERM TO OMEGA (ETA) (OLNTWOPI):NO
 ADDITIONAL CONVERGENCE TEST (CTYPE=4)?:    NO
 EM OR BAYESIAN METHOD USED:                 NONE

 TOLERANCES FOR ESTIMATION/EVALUATION STEP:
 NRD (RELATIVE) VALUE(S) OF TOLERANCE:   6
 ANRD (ABSOLUTE) VALUE(S) OF TOLERANCE:  12
 TOLERANCES FOR COVARIANCE STEP:
 NRD (RELATIVE) VALUE(S) OF TOLERANCE:   6
 ANRD (ABSOLUTE) VALUE(S) OF TOLERANCE:  12
 TOLERANCES FOR TABLE/SCATTER STEP:
 NRD (RELATIVE) VALUE(S) OF TOLERANCE:   6
 ANRD (ABSOLUTE) VALUE(S) OF TOLERANCE:  12

 THE FOLLOWING LABELS ARE EQUIVALENT
 PRED=PREDI
 RES=RESI
 WRES=WRESI
 IWRS=IWRESI
 IPRD=IPREDI
 IRS=IRESI

 MONITORING OF SEARCH:


0ITERATION NO.:    0    OBJECTIVE VALUE:   1041754.07692814        NO. OF FUNC. EVALS.:   3
 CUMULATIVE NO. OF FUNC. EVALS.:        3
 NPARAMETR:  3.7000E-03  1.0000E+01
 PARAMETER:  1.0000E-01  1.0000E-01
 GRADIENT:   1.1242E+12  1.1244E+12

0ITERATION NO.:    1    OBJECTIVE VALUE:   1012721.77009716        NO. OF FUNC. EVALS.:   4
 CUMULATIVE NO. OF FUNC. EVALS.:        7
 NPARAMETR:  2.0308E-03  5.4881E+00
 PARAMETER: -1.9995E-01 -2.0000E-01
 GRADIENT:   2.9971E+11  2.9974E+11

0ITERATION NO.:    2    OBJECTIVE VALUE:   1008603.54957862        NO. OF FUNC. EVALS.:   5
 CUMULATIVE NO. OF FUNC. EVALS.:       12
 NPARAMETR:  1.5367E-03  4.1527E+00
 PARAMETER: -3.3935E-01 -3.3942E-01
 GRADIENT:   4.2277E+11  4.2296E+11

0ITERATION NO.:    3    OBJECTIVE VALUE:   1008601.18582982        NO. OF FUNC. EVALS.:   8
 CUMULATIVE NO. OF FUNC. EVALS.:       20
 NPARAMETR:  1.5265E-03  4.1252E+00
 PARAMETER: -3.4267E-01 -3.4274E-01
 GRADIENT:   2.3709E+11  2.3719E+11

0ITERATION NO.:    4    OBJECTIVE VALUE:   1008601.18582982        NO. OF FUNC. EVALS.:  11
 CUMULATIVE NO. OF FUNC. EVALS.:       31
 NPARAMETR:  1.5265E-03  4.1252E+00
 PARAMETER: -3.4267E-01 -3.4274E-01
 GRADIENT:  -2.0060E+08 -3.1364E+06

0ITERATION NO.:    5    OBJECTIVE VALUE:   944761.990006926        NO. OF FUNC. EVALS.:  15
 CUMULATIVE NO. OF FUNC. EVALS.:       46             RESET HESSIAN, TYPE I
 NPARAMETR:  4.1122E-04  2.5214E+02
 PARAMETER: -9.9848E-01  1.7137E+00
 GRADIENT:   1.6206E+11  9.4410E+10

0ITERATION NO.:    6    OBJECTIVE VALUE:   936537.803027107        NO. OF FUNC. EVALS.:   5
 CUMULATIVE NO. OF FUNC. EVALS.:       51
 NPARAMETR:  3.7282E-04  1.4170E+02
 PARAMETER: -1.0475E+00  1.4256E+00
 GRADIENT:   1.8690E+11  1.3741E+11

0ITERATION NO.:    7    OBJECTIVE VALUE:   936537.803027107        NO. OF FUNC. EVALS.:  11
 CUMULATIVE NO. OF FUNC. EVALS.:       62
 NPARAMETR:  3.7282E-04  1.4170E+02
 PARAMETER: -1.0475E+00  1.4256E+00
 GRADIENT:  -1.8758E+08 -1.0861E+08

0ITERATION NO.:    8    OBJECTIVE VALUE:   935648.006379224        NO. OF FUNC. EVALS.:  14
 CUMULATIVE NO. OF FUNC. EVALS.:       76             RESET HESSIAN, TYPE I
 NPARAMETR:  2.6397E-04  1.1081E+02
 PARAMETER: -1.2201E+00  1.3026E+00
 GRADIENT:   1.6083E+11  1.5080E+11

0ITERATION NO.:    9    OBJECTIVE VALUE:   935648.006379224        NO. OF FUNC. EVALS.:  12
 CUMULATIVE NO. OF FUNC. EVALS.:       88
 NPARAMETR:  2.6397E-04  1.1081E+02
 PARAMETER: -1.2201E+00  1.3026E+00
 GRADIENT:  -2.9141E+08 -1.4205E+08

0ITERATION NO.:   10    OBJECTIVE VALUE:   934869.044339144        NO. OF FUNC. EVALS.:   8
 CUMULATIVE NO. OF FUNC. EVALS.:       96
 NPARAMETR:  3.1699E-04  1.3193E+02
 PARAMETER: -1.1286E+00  1.3898E+00
 GRADIENT:  -2.3402E+08 -1.4304E+08

0ITERATION NO.:   11    OBJECTIVE VALUE:   934542.748031078        NO. OF FUNC. EVALS.:  15
 CUMULATIVE NO. OF FUNC. EVALS.:      111             RESET HESSIAN, TYPE I
 NPARAMETR:  2.7794E-04  1.3104E+02
 PARAMETER: -1.1943E+00  1.3865E+00
 GRADIENT:   1.6638E+11  1.4340E+11

0ITERATION NO.:   12    OBJECTIVE VALUE:   934542.748031078        NO. OF FUNC. EVALS.:  13
 CUMULATIVE NO. OF FUNC. EVALS.:      124
 NPARAMETR:  2.7794E-04  1.3104E+02
 PARAMETER: -1.1943E+00  1.3865E+00
 GRADIENT:  -2.0224E+08 -8.5181E+07

0ITERATION NO.:   13    OBJECTIVE VALUE:   934507.668370303        NO. OF FUNC. EVALS.:   9
 CUMULATIVE NO. OF FUNC. EVALS.:      133
 NPARAMETR:  2.8424E-04  1.3344E+02
 PARAMETER: -1.1831E+00  1.3955E+00
 GRADIENT:  -2.5092E+08 -1.2153E+08

0ITERATION NO.:   14    OBJECTIVE VALUE:   934504.954624574        NO. OF FUNC. EVALS.:  10
 CUMULATIVE NO. OF FUNC. EVALS.:      143
 NPARAMETR:  2.8677E-04  1.3455E+02
 PARAMETER: -1.1787E+00  1.3997E+00
 GRADIENT:  -2.2237E+08 -1.1354E+08

0ITERATION NO.:   15    OBJECTIVE VALUE:   934344.232248707        NO. OF FUNC. EVALS.:   8
 CUMULATIVE NO. OF FUNC. EVALS.:      151
 NPARAMETR:  2.7042E-04  1.6598E+02
 PARAMETER: -1.2081E+00  1.5046E+00
 GRADIENT:  -2.5338E+08 -1.1007E+08

0ITERATION NO.:   16    OBJECTIVE VALUE:   934240.483642206        NO. OF FUNC. EVALS.:  12
 CUMULATIVE NO. OF FUNC. EVALS.:      163             RESET HESSIAN, TYPE I
 NPARAMETR:  2.4154E-04  1.5369E+02
 PARAMETER: -1.2645E+00  1.4662E+00
 GRADIENT:   2.1634E+11  1.8657E+11

0ITERATION NO.:   17    OBJECTIVE VALUE:   934240.483642206        NO. OF FUNC. EVALS.:  13
 CUMULATIVE NO. OF FUNC. EVALS.:      176
 NPARAMETR:  2.4154E-04  1.5369E+02
 PARAMETER: -1.2645E+00  1.4662E+00
 GRADIENT:  -2.6433E+08 -1.1803E+08

0ITERATION NO.:   18    OBJECTIVE VALUE:   934158.849997227        NO. OF FUNC. EVALS.:   9
 CUMULATIVE NO. OF FUNC. EVALS.:      185
 NPARAMETR:  2.5159E-04  1.5809E+02
 PARAMETER: -1.2441E+00  1.4803E+00
 GRADIENT:  -2.5214E+08 -1.5301E+08

0ITERATION NO.:   19    OBJECTIVE VALUE:   934158.240084365        NO. OF FUNC. EVALS.:  10
 CUMULATIVE NO. OF FUNC. EVALS.:      195
 NPARAMETR:  2.5395E-04  1.5949E+02
 PARAMETER: -1.2395E+00  1.4847E+00
 GRADIENT:  -2.4482E+08 -9.4933E+07

0ITERATION NO.:   20    OBJECTIVE VALUE:   934091.952222604        NO. OF FUNC. EVALS.:  15
 CUMULATIVE NO. OF FUNC. EVALS.:      210             RESET HESSIAN, TYPE I
 NPARAMETR:  2.3077E-04  1.7370E+02
 PARAMETER: -1.2873E+00  1.5274E+00
 GRADIENT:   1.6778E+11  1.4153E+11

0ITERATION NO.:   21    OBJECTIVE VALUE:   934091.952222604        NO. OF FUNC. EVALS.:  13
 CUMULATIVE NO. OF FUNC. EVALS.:      223
 NPARAMETR:  2.3077E-04  1.7370E+02
 PARAMETER: -1.2873E+00  1.5274E+00
 GRADIENT:  -2.3789E+08 -1.2053E+08

0ITERATION NO.:   22    OBJECTIVE VALUE:   934087.295896141        NO. OF FUNC. EVALS.:   9
 CUMULATIVE NO. OF FUNC. EVALS.:      232
 NPARAMETR:  2.3527E-04  1.7634E+02
 PARAMETER: -1.2777E+00  1.5349E+00
 GRADIENT:  -2.6626E+08 -1.8554E+08

0ITERATION NO.:   23    OBJECTIVE VALUE:   934085.465974112        NO. OF FUNC. EVALS.:  15
 CUMULATIVE NO. OF FUNC. EVALS.:      247             RESET HESSIAN, TYPE I
 NPARAMETR:  2.3236E-04  1.7520E+02
 PARAMETER: -1.2839E+00  1.5317E+00
 GRADIENT:   2.3469E+11  1.9668E+11

0ITERATION NO.:   24    OBJECTIVE VALUE:   934085.465974112        NO. OF FUNC. EVALS.:  13
 CUMULATIVE NO. OF FUNC. EVALS.:      260
 NPARAMETR:  2.3236E-04  1.7520E+02
 PARAMETER: -1.2839E+00  1.5317E+00
 GRADIENT:  -2.8949E+08 -1.5830E+08

0ITERATION NO.:   25    OBJECTIVE VALUE:   934084.802888349        NO. OF FUNC. EVALS.:  11
 CUMULATIVE NO. OF FUNC. EVALS.:      271
 NPARAMETR:  2.3326E-04  1.7573E+02
 PARAMETER: -1.2820E+00  1.5332E+00
 GRADIENT:  -2.3829E+08 -2.1473E+08

0ITERATION NO.:   26    OBJECTIVE VALUE:   934083.890251308        NO. OF FUNC. EVALS.:  15
 CUMULATIVE NO. OF FUNC. EVALS.:      286             RESET HESSIAN, TYPE I
 NPARAMETR:  2.3177E-04  1.7808E+02
 PARAMETER: -1.2852E+00  1.5398E+00
 GRADIENT:   1.5993E+11  1.3350E+11

0ITERATION NO.:   27    OBJECTIVE VALUE:   934083.827166740        NO. OF FUNC. EVALS.:   4
 CUMULATIVE NO. OF FUNC. EVALS.:      290
 NPARAMETR:  2.3195E-04  1.7753E+02
 PARAMETER: -1.2848E+00  1.5383E+00
 GRADIENT:   1.7774E+11  1.4853E+11

0ITERATION NO.:   28    OBJECTIVE VALUE:   934083.827166740        NO. OF FUNC. EVALS.:  11
 CUMULATIVE NO. OF FUNC. EVALS.:      301
 NPARAMETR:  2.3195E-04  1.7753E+02
 PARAMETER: -1.2848E+00  1.5383E+00
 GRADIENT:  -2.9808E+08 -1.4751E+08

0ITERATION NO.:   29    OBJECTIVE VALUE:   934083.816357169        NO. OF FUNC. EVALS.:  15
 CUMULATIVE NO. OF FUNC. EVALS.:      316             RESET HESSIAN, TYPE I
 NPARAMETR:  2.3069E-04  1.7736E+02
 PARAMETER: -1.2875E+00  1.5378E+00
 GRADIENT:   1.8983E+11  1.5900E+11

0ITERATION NO.:   30    OBJECTIVE VALUE:   934083.816357169        NO. OF FUNC. EVALS.:  13
 CUMULATIVE NO. OF FUNC. EVALS.:      329
 NPARAMETR:  2.3069E-04  1.7736E+02
 PARAMETER: -1.2875E+00  1.5378E+00
 GRADIENT:  -2.3848E+08 -9.8324E+07

0ITERATION NO.:   31    OBJECTIVE VALUE:   934083.640045005        NO. OF FUNC. EVALS.:  11
 CUMULATIVE NO. OF FUNC. EVALS.:      340
 NPARAMETR:  2.3130E-04  1.7749E+02
 PARAMETER: -1.2862E+00  1.5382E+00
 GRADIENT:  -3.1383E+08 -1.6137E+08

0ITERATION NO.:   32    OBJECTIVE VALUE:   934083.640045005        NO. OF FUNC. EVALS.:  11
 CUMULATIVE NO. OF FUNC. EVALS.:      351
 NPARAMETR:  2.3130E-04  1.7749E+02
 PARAMETER: -1.2862E+00  1.5382E+00
 GRADIENT:   2.6754E+01 -5.5755E+01

 #TERM:
0MINIMIZATION SUCCESSFUL
 HOWEVER, PROBLEMS OCCURRED WITH THE MINIMIZATION.
 REGARD THE RESULTS OF THE ESTIMATION STEP CAREFULLY, AND ACCEPT THEM ONLY
 AFTER CHECKING THAT THE COVARIANCE STEP PRODUCES REASONABLE OUTPUT.
 NO. OF FUNCTION EVALUATIONS USED:      351
 NO. OF SIG. DIGITS IN FINAL EST.:  3.1

 ETABAR IS THE ARITHMETIC MEAN OF THE ETA-ESTIMATES,
 AND THE P-VALUE IS GIVEN FOR THE NULL HYPOTHESIS THAT THE TRUE MEAN IS 0.

 ETABAR:        -6.5009E-02  5.8988E-02  2.5249E-03 -8.1794E-04 -2.2474E-04  1.2352E-02 -2.8648E-02 -2.7230E-02 -2.5424E-02 -2.2997E-02
                -3.8628E-02  1.1779E-03  1.1711E-02  2.1262E-03
 SE:             1.0041E-02  1.3619E-02  4.8411E-03  6.4894E-03  1.1721E-02  1.0807E-02  4.9372E-03  1.1472E-02  5.7468E-03  6.1137E-03
                 9.6890E-03  6.4693E-03  4.7120E-03  1.6458E-03
 N:                     412         412         412         412         412         412         412         412         412         412
                        412         412         412         412

 P VAL.:         9.5529E-11  1.4844E-05  6.0198E-01  8.9970E-01  9.8470E-01  2.5307E-01  6.5534E-09  1.7616E-02  9.6981E-06  1.6886E-04
                 6.6998E-05  8.5553E-01  1.2943E-02  1.9639E-01

 ETASHRINKSD(%)  1.0000E-10  1.0000E-10  1.0000E-10  1.0000E-10  1.0000E-10  1.0000E-10  1.0000E-10  1.0000E-10  1.0000E-10  1.0000E-10
                 1.0000E-10  1.0000E-10  1.0000E-10  1.3640E+01
 ETASHRINKVR(%)  1.0000E-10  1.0000E-10  1.0000E-10  1.0000E-10  1.0000E-10  1.0000E-10  1.0000E-10  1.0000E-10  1.0000E-10  1.0000E-10
                 1.0000E-10  1.0000E-10  1.0000E-10  2.5420E+01
 EBVSHRINKSD(%)  3.1679E+00  1.7271E+01  1.3428E+01  1.9192E+01  8.4665E+00  1.8302E+01  8.7383E+00  1.8907E+01  2.4509E+01  4.1668E+01
                 1.7538E+01  3.8505E+01  1.2871E+01  5.3423E+01
 EBVSHRINKVR(%)  6.2355E+00  3.1560E+01  2.5052E+01  3.4700E+01  1.6216E+01  3.3254E+01  1.6713E+01  3.4239E+01  4.3011E+01  6.5974E+01
                 3.2000E+01  6.2184E+01  2.4086E+01  7.8306E+01
 EPSSHRINKSD(%)  1.5661E+00  1.5673E+00
 EPSSHRINKVR(%)  3.1077E+00  3.1101E+00

  
 TOTAL DATA POINTS NORMALLY DISTRIBUTED (N):       116913
 N*LOG(2PI) CONSTANT TO OBJECTIVE FUNCTION:    214871.72146511578     
 OBJECTIVE FUNCTION VALUE WITHOUT CONSTANT:    934083.64004500501     
 OBJECTIVE FUNCTION VALUE WITH CONSTANT:       1148955.3615101208     
 REPORTED OBJECTIVE FUNCTION DOES NOT CONTAIN CONSTANT
  
 TOTAL EFFECTIVE ETAS (NIND*NETA):                          5768
  
 #TERE:
 Elapsed estimation  time in seconds:   976.25
 Elapsed covariance  time in seconds:    79.58
 Elapsed postprocess time in seconds:    99.93
1
 
 
 
 
 
 
 
 
 
 
 
 
 
 
 
 
 
 
 
 
 ************************************************************************************************************************
 ********************                                                                                ********************
 ********************               FIRST ORDER CONDITIONAL ESTIMATION WITH INTERACTION              ********************
 #OBJT:**************                       MINIMUM VALUE OF OBJECTIVE FUNCTION                      ********************
 ********************                                                                                ********************
 ************************************************************************************************************************
 





 #OBJV:********************************************   934083.640       **************************************************
1
 ************************************************************************************************************************
 ********************                                                                                ********************
 ********************               FIRST ORDER CONDITIONAL ESTIMATION WITH INTERACTION              ********************
 ********************                             FINAL PARAMETER ESTIMATE                           ********************
 ********************                                                                                ********************
 ************************************************************************************************************************
 


 THETA - VECTOR OF FIXED EFFECTS PARAMETERS   *********


         TH 1      TH 2      TH 3      TH 4      TH 5      TH 6      TH 7      TH 8      TH 9      TH10      TH11      TH12     
          TH13      TH14      TH15      TH16      TH17      TH18      TH19      TH20      TH21      TH22      TH23      TH24     
         TH25      TH26      TH27      TH28     
 
         1.78E+01  1.24E+00  2.67E+01  1.51E+00  7.01E+00  1.54E+00  1.91E+01  1.04E+00  1.36E+01  9.96E-01  9.32E+00  9.33E-01
          8.21E+00  1.23E+00  1.90E+01  6.73E-01  1.03E+01  1.23E+00  1.04E+01  7.75E-01  9.59E+00  8.37E-01  1.13E+01  7.43E-01
         1.20E+01  9.38E-01  4.42E+02  9.82E-01
 


 OMEGA - COV MATRIX FOR RANDOM EFFECTS - ETAS  ********


         ETA1      ETA2      ETA3      ETA4      ETA5      ETA6      ETA7      ETA8      ETA9      ET10      ET11      ET12     
          ET13      ET14     
 
 ETA1
+        1.27E-02
 
 ETA2
+        0.00E+00  3.36E-02
 
 ETA3
+        0.00E+00  0.00E+00  2.47E-03
 
 ETA4
+        0.00E+00  0.00E+00  0.00E+00  3.86E-03
 
 ETA5
+        0.00E+00  0.00E+00  0.00E+00  0.00E+00  3.59E-02
 
 ETA6
+        0.00E+00  0.00E+00  0.00E+00  0.00E+00  0.00E+00  2.32E-02
 
 ETA7
+        0.00E+00  0.00E+00  0.00E+00  0.00E+00  0.00E+00  0.00E+00  4.00E-03
 
 ETA8
+        0.00E+00  0.00E+00  0.00E+00  0.00E+00  0.00E+00  0.00E+00  0.00E+00  2.57E-02
 
 ETA9
+        0.00E+00  0.00E+00  0.00E+00  0.00E+00  0.00E+00  0.00E+00  0.00E+00  0.00E+00  6.50E-03
 
 ET10
+        0.00E+00  0.00E+00  0.00E+00  0.00E+00  0.00E+00  0.00E+00  0.00E+00  0.00E+00  0.00E+00  1.14E-02
 
 ET11
+        0.00E+00  0.00E+00  0.00E+00  0.00E+00  0.00E+00  0.00E+00  0.00E+00  0.00E+00  0.00E+00  0.00E+00  2.71E-02
 
 ET12
+        0.00E+00  0.00E+00  0.00E+00  0.00E+00  0.00E+00  0.00E+00  0.00E+00  0.00E+00  0.00E+00  0.00E+00  0.00E+00  1.21E-02
 
 ET13
+        0.00E+00  0.00E+00  0.00E+00  0.00E+00  0.00E+00  0.00E+00  0.00E+00  0.00E+00  0.00E+00  0.00E+00  0.00E+00  0.00E+00
          3.80E-03
 
 ET14
+        0.00E+00  0.00E+00  0.00E+00  0.00E+00  0.00E+00  0.00E+00  0.00E+00  0.00E+00  0.00E+00  0.00E+00  0.00E+00  0.00E+00
          0.00E+00  1.50E-03
 


 SIGMA - COV MATRIX FOR RANDOM EFFECTS - EPSILONS  ****

1

         EPS1      EPS2     
 
 EPS1
+        2.31E-04
 
 EPS2
+        0.00E+00  1.77E+02
 
1


 OMEGA - CORR MATRIX FOR RANDOM EFFECTS - ETAS  *******


         ETA1      ETA2      ETA3      ETA4      ETA5      ETA6      ETA7      ETA8      ETA9      ET10      ET11      ET12     
          ET13      ET14     
 
 ETA1
+        1.13E-01
 
 ETA2
+        0.00E+00  1.83E-01
 
 ETA3
+        0.00E+00  0.00E+00  4.97E-02
 
 ETA4
+        0.00E+00  0.00E+00  0.00E+00  6.21E-02
 
 ETA5
+        0.00E+00  0.00E+00  0.00E+00  0.00E+00  1.89E-01
 
 ETA6
+        0.00E+00  0.00E+00  0.00E+00  0.00E+00  0.00E+00  1.52E-01
 
 ETA7
+        0.00E+00  0.00E+00  0.00E+00  0.00E+00  0.00E+00  0.00E+00  6.32E-02
 
 ETA8
+        0.00E+00  0.00E+00  0.00E+00  0.00E+00  0.00E+00  0.00E+00  0.00E+00  1.60E-01
 
 ETA9
+        0.00E+00  0.00E+00  0.00E+00  0.00E+00  0.00E+00  0.00E+00  0.00E+00  0.00E+00  8.06E-02
 
 ET10
+        0.00E+00  0.00E+00  0.00E+00  0.00E+00  0.00E+00  0.00E+00  0.00E+00  0.00E+00  0.00E+00  1.07E-01
 
 ET11
+        0.00E+00  0.00E+00  0.00E+00  0.00E+00  0.00E+00  0.00E+00  0.00E+00  0.00E+00  0.00E+00  0.00E+00  1.65E-01
 
 ET12
+        0.00E+00  0.00E+00  0.00E+00  0.00E+00  0.00E+00  0.00E+00  0.00E+00  0.00E+00  0.00E+00  0.00E+00  0.00E+00  1.10E-01
 
 ET13
+        0.00E+00  0.00E+00  0.00E+00  0.00E+00  0.00E+00  0.00E+00  0.00E+00  0.00E+00  0.00E+00  0.00E+00  0.00E+00  0.00E+00
          6.16E-02
 
 ET14
+        0.00E+00  0.00E+00  0.00E+00  0.00E+00  0.00E+00  0.00E+00  0.00E+00  0.00E+00  0.00E+00  0.00E+00  0.00E+00  0.00E+00
          0.00E+00  3.87E-02
 


 SIGMA - CORR MATRIX FOR RANDOM EFFECTS - EPSILONS  ***


         EPS1      EPS2     
 
 EPS1
+        1.52E-02
 
 EPS2
+        0.00E+00  1.33E+01
 
1
 ************************************************************************************************************************
 ********************                                                                                ********************
 ********************               FIRST ORDER CONDITIONAL ESTIMATION WITH INTERACTION              ********************
 ********************                            STANDARD ERROR OF ESTIMATE                          ********************
 ********************                                                                                ********************
 ************************************************************************************************************************
 


 THETA - VECTOR OF FIXED EFFECTS PARAMETERS   *********


         TH 1      TH 2      TH 3      TH 4      TH 5      TH 6      TH 7      TH 8      TH 9      TH10      TH11      TH12     
          TH13      TH14      TH15      TH16      TH17      TH18      TH19      TH20      TH21      TH22      TH23      TH24     
         TH25      TH26      TH27      TH28     
 
        ......... ......... ......... ......... ......... ......... ......... ......... ......... ......... ......... .........
         ......... ......... ......... ......... ......... ......... ......... ......... ......... ......... ......... .........
        ......... ......... ......... .........
 


 OMEGA - COV MATRIX FOR RANDOM EFFECTS - ETAS  ********


         ETA1      ETA2      ETA3      ETA4      ETA5      ETA6      ETA7      ETA8      ETA9      ET10      ET11      ET12     
          ET13      ET14     
 
 ETA1
+       .........
 
 ETA2
+       ......... .........
 
 ETA3
+       ......... ......... .........
 
 ETA4
+       ......... ......... ......... .........
 
 ETA5
+       ......... ......... ......... ......... .........
 
 ETA6
+       ......... ......... ......... ......... ......... .........
 
 ETA7
+       ......... ......... ......... ......... ......... ......... .........
 
 ETA8
+       ......... ......... ......... ......... ......... ......... ......... .........
 
 ETA9
+       ......... ......... ......... ......... ......... ......... ......... ......... .........
 
 ET10
+       ......... ......... ......... ......... ......... ......... ......... ......... ......... .........
 
 ET11
+       ......... ......... ......... ......... ......... ......... ......... ......... ......... ......... .........
 
 ET12
+       ......... ......... ......... ......... ......... ......... ......... ......... ......... ......... ......... .........
 
 ET13
+       ......... ......... ......... ......... ......... ......... ......... ......... ......... ......... ......... .........
         .........
 
 ET14
+       ......... ......... ......... ......... ......... ......... ......... ......... ......... ......... ......... .........
         ......... .........
 


 SIGMA - COV MATRIX FOR RANDOM EFFECTS - EPSILONS  ****

1

         EPS1      EPS2     
 
 EPS1
+        4.01E-04
 
 EPS2
+       .........  3.43E+02
 
1


 OMEGA - CORR MATRIX FOR RANDOM EFFECTS - ETAS  *******


         ETA1      ETA2      ETA3      ETA4      ETA5      ETA6      ETA7      ETA8      ETA9      ET10      ET11      ET12     
          ET13      ET14     
 
 ETA1
+       .........
 
 ETA2
+       ......... .........
 
 ETA3
+       ......... ......... .........
 
 ETA4
+       ......... ......... ......... .........
 
 ETA5
+       ......... ......... ......... ......... .........
 
 ETA6
+       ......... ......... ......... ......... ......... .........
 
 ETA7
+       ......... ......... ......... ......... ......... ......... .........
 
 ETA8
+       ......... ......... ......... ......... ......... ......... ......... .........
 
 ETA9
+       ......... ......... ......... ......... ......... ......... ......... ......... .........
 
 ET10
+       ......... ......... ......... ......... ......... ......... ......... ......... ......... .........
 
 ET11
+       ......... ......... ......... ......... ......... ......... ......... ......... ......... ......... .........
 
 ET12
+       ......... ......... ......... ......... ......... ......... ......... ......... ......... ......... ......... .........
 
 ET13
+       ......... ......... ......... ......... ......... ......... ......... ......... ......... ......... ......... .........
         .........
 
 ET14
+       ......... ......... ......... ......... ......... ......... ......... ......... ......... ......... ......... .........
         ......... .........
 


 SIGMA - CORR MATRIX FOR RANDOM EFFECTS - EPSILONS  ***


         EPS1      EPS2     
 
 EPS1
+        1.32E-02
 
 EPS2
+       .........  1.29E+01
 
1
 ************************************************************************************************************************
 ********************                                                                                ********************
 ********************               FIRST ORDER CONDITIONAL ESTIMATION WITH INTERACTION              ********************
 ********************                          COVARIANCE MATRIX OF ESTIMATE                         ********************
 ********************                                                                                ********************
 ************************************************************************************************************************
 

   SG0101 | SG0101  SG0202 | SG0101  SG0202 | SG0202  
       1.61E-07        -1.20E-01         1.18E+05
1
 ************************************************************************************************************************
 ********************                                                                                ********************
 ********************               FIRST ORDER CONDITIONAL ESTIMATION WITH INTERACTION              ********************
 ********************                          CORRELATION MATRIX OF ESTIMATE                        ********************
 ********************                                                                                ********************
 ************************************************************************************************************************
 

   SG0101 | SG0101  SG0202 | SG0101  SG0202 | SG0202  
       4.01E-04        -8.73E-01         3.43E+02
1
 ************************************************************************************************************************
 ********************                                                                                ********************
 ********************               FIRST ORDER CONDITIONAL ESTIMATION WITH INTERACTION              ********************
 ********************                      INVERSE COVARIANCE MATRIX OF ESTIMATE                     ********************
 ********************                                                                                ********************
 ************************************************************************************************************************
 

   SG0101 | SG0101  SG0202 | SG0101  SG0202 | SG0202  
       2.61E+07         2.67E+01         3.57E-05
 Elapsed finaloutput time in seconds:    13.04
 #CPUT: Total CPU Time in Seconds,    17946.422
Stop Time:
Wed 31 Mar 2021 02:03:53 PM CEST
