Wed 17 Mar 2021 09:50:53 AM CET
;; 1. Based on: 0046
;; 2. Description: FIX RKI Modell (Ges.Dtl), open IIVs, 24 Effects RKI (fix 19), Mutante ab 347
;; x1. Author: dings

;; 3. Label:

$SIZES NO=10000 PD=-100 LVR=50

$PROBLEM COVID-19 cases

$INPUT ID TIME DROP Landkreis=DROP IdLandkreis Bundesland=DROP ID_BL=DROP DV AMT MDV CMT Week OBS EWZ DV_CASE0 SCHOOLS STORECLOSURE CURFEW RESTRAININGORDER CARNIVAL day=DROP MDVWKND=DROP fixR0_0 fixR0_1 fixR0_2 fixR0_3 fixR0_4 fixR0_5 fixR0_6 fixR0_7 fixR0_8 fixR0_9 fixR0_10 fixR0_11 fixR0_12 fixR0_13 fixR0_14 fixR0_15 fixR0_16 fixR0_17 fixR0_18 fixR0_19 fixR0_20=DROP fixR0_21=DROP fixCP_4 fixCP_5 fixCP_6 fixCP_7 fixCP_8 fixCP_9 fixCP_10 fixCP_11 fixCP_12 fixCP_13 fixCP_14 fixCP_15 fixCP_16 fixCP_17 fixCP_18 fixCP_19 fixCP_20=DROP fixCP_21=DROP fixF2 PREDIC
$DATA Landkreise_V4_2021_03_17_R0_0046.csv IGNORE=@ IGNORE(PREDIC.EQ.1) IGNORE(CMT.GT.3)
$SUBROUTINES ADVAN13 TOL=6
$MODEL NCOMPS=3

$PK
NUMBER = EWZ
Q_0 = 0
;;;;Metakis-Information;;;;;
P_KH = 0.801 ;Prozent Normalstation
P_ICU = 0.252 ;Prozent ICU vs BEAT
P_BEAT_D = 0.514;Sterberate Beatmet
P_ICU_D = 0.204 ;Sterberate ICU
P_KH_D = 0.155 ;Sterberate KH
LD_BEAT_D = 13 ;Liegedauer Beatmet verstorben
LD_BEAT_L = 35;Liegedauer Beatmet entlassen
LD_ICU_D = 13;Liegedauer ICU verstorben
LD_ICU_L = 19;Liegedauer ICU entlassen
LD_KH_D = 8.8;Liegedauer KH verstorben
LD_KH_L = 12;Liegedauer KH entlassen
P_BEAT_AUFENTHALT_D = 0.76;Beatmung % Aufenthalt verstorben
P_BEAT_AUFENTHALT_L = 0.49;Beatmung % Aufenthalt entlassen
P_BEAT_on_ICU_AUFENTHALT_D = 0.88;beatmet ICU % Aufenthalt verstorben
P_BEAT_on_ICU_AUFENTHALT_L =  0.75;beatmet ICU % Aufenthalt entlassen
P_ICU_AUFENTHALT_D = 0.57;unbeatmet ICU % Aufenthalt verstorben
P_ICU_AUFENTHALT_L = 0.34;unbeatmet ICU % Aufenthalt entlassen

R0START = fixR0_0

COV1 = SCHOOLS
E1 = fixR0_1
COV2 = CARNIVAL
E2 = fixR0_2
COV3 = MAX(CURFEW,RESTRAININGORDER)
E3 = fixR0_3
MTDIFF = 1
MTIME(1) = fixCP_4
COV4 = MPAST(1)
E4 = fixR0_4
MTIME(2) = fixCP_5
COV5 = MPAST(2)
E5 = fixR0_5
MTIME(3) = fixCP_6
COV6 = MPAST(3)
E6 = fixR0_6
MTIME(4) = fixCP_7
COV7 = MPAST(4)
E7 = fixR0_7
MTIME(5) = fixCP_8
COV8 = MPAST(5)
E8 = fixR0_8
MTIME(7) = fixCP_9
COV9 = MPAST(7)
E9 = fixR0_9
MTIME(8) = fixCP_10
COV10 = MPAST(8)
E10 = fixR0_10
MTIME(9) = fixCP_11
COV11 = MPAST(9)
E11 =fixR0_11
MTIME(10) = fixCP_12
COV12 = MPAST(10)
E12 = fixR0_12
MTIME(11) = fixCP_13
COV13 = MPAST(11)
E13 = fixR0_13
MTIME(12) = fixCP_14
COV14 = MPAST(12)
E14 = fixR0_14
MTIME(13) = fixCP_15
COV15 = MPAST(13)
E15 =  fixR0_15
MTIME(14) = fixCP_16
COV16 = MPAST(14)
E16 = fixR0_16

MTIME(15) = fixCP_17
COV17 = MPAST(15)
E17 = fixR0_17

MTIME(16) = fixCP_18
COV18 = MPAST(16)
E18 = fixR0_18

MTIME(17) = fixCP_19
COV19 = MPAST(17)
E19 = fixR0_19

MTIME(18) = MTIME(17)+THETA(7)
COV20 = MPAST(18)
E20 = THETA(8)*EXP(ETA(4))

MTIME(19) = MTIME(18)+THETA(9)
COV21 = MPAST(19)
E21 = THETA(10)*EXP(ETA(5))
MTIME(20) = MTIME(19)+THETA(11)
COV22 = MPAST(20)
E22 = THETA(12)*EXP(ETA(6))

MTIME(21) = MTIME(20)+THETA(13)
COV23 = MPAST(21)
E23 = THETA(14)*EXP(ETA(7))
MTIME(22) = MTIME(21)+THETA(15)
COV24 = MPAST(22)
E24 = THETA(16)*EXP(ETA(8))

R0FREE_OLD = R0START*(1-COV1)+E2*COV2+E1*(COV1-COV3)+E3*(COV3-COV4)+E4*(COV4-COV5)+E5*(COV5-COV6)+E6*(COV6-COV7)+E7*(COV7-COV8)+E8*(COV8-COV9)+E9*(COV9-COV10)+E10*(COV10-COV11)+E11*(COV11-COV12)+E12*(COV12-COV13)+E13*(COV13-COV14)+E14*(COV14-COV15)+E15*(COV15-COV16)+E16*(COV16-COV17)+E17*(COV17-COV18)+E18*(COV18-COV19)+E19*(COV19-COV20)+E20*(COV20-COV21)+E21*(COV21-COV22)+E22*(COV22-COV23)+E23*(COV23-COV24)+E24*COV24
R0BASE = R0START
R0END = E23
R0_0 = R0START ;Startwert
R0_1 = E1 ;Startwert
R0_2 = E2 ;nach Schulschließung
R0_3 = E3 ;nach Kontaktverbot
R0_4 = E4 ;
CP_4 = MTIME(1)
R0_5 = E5 ;
CP_5 = MTIME(2)
R0_6 = E6 ;
CP_6 = MTIME(3)
R0_7 = E7 ;
CP_7 = MTIME(4)
R0_8 = E8 ;
CP_8 = MTIME(5)
R0_9 = E9 ;
CP_9 = MTIME(7)
R0_10 = E10 ;
CP_10 = MTIME(8)
R0_11 = E11 ;
CP_11 = MTIME(9)
R0_12 = E12 ;
CP_12 = MTIME(10)
R0_13 = E13 ;
CP_13 = MTIME(11)
R0_14 = E14 ;
CP_14 = MTIME(12)
R0_15 = E15 ;
CP_15 = MTIME(13)
R0_16 = E16 ;
CP_16 = MTIME(14)
R0_17 = E17 ;
CP_17 = MTIME(15)
R0_18 = E18 ;
CP_18 = MTIME(16)
R0_19 = E19 ;
CP_19 = MTIME(17)
R0_20 = E20 ;
CP_20 = MTIME(18)
R0_21 = E21 ;
CP_21 = MTIME(19)
R0_22 = E22 ;
CP_22 = MTIME(20)
R0_23 = E23 ;
CP_23 = MTIME(21)
R0_24 = E24 ;
CP_24 = MTIME(22)

F2 = fixF2
ALAG2 = 9

isolation = 100
infectious = 7

gamma = 1/(infectious)

MTIME(6) = 1
MTDIFF = 1
REC_TIME = MPAST(6)

A_0(1) = NUMBER

k=0.072
initMutante=0.002
Starttag = 347

$DES
DaysSinceMutante = T-Starttag
IF(T.LT.Starttag) DaysSinceMutante = 0
Mutante = 1/(1+((1-initMutante)/initMutante)*EXP(-k*DaysSinceMutante))
IF(T.LT.Starttag) Mutante = 0
R0FREE = R0FREE_OLD*(1-Mutante)+R0FREE_OLD*1.35*Mutante
beta = R0FREE*gamma

DADT(1) = -beta*A(1)/NUMBER*A(2) 
DADT(2) = beta*A(1)/NUMBER*A(2) -  gamma*A(2) 
DADT(3) = gamma*A(2)

$ERROR
CASES = A(3)+Q_0
IPRED = CASES
W = IPRED
DEL = 0
IF(IPRED.EQ.0) DEL = 0.001
IRES	= DV -  IPRED
IWRES   = IRES/(W+DEL)
Y  = IPRED *EXP(EPS(1)) + EPS(2)

$THETA
(0, 9.32) FIX;1 +MTIME17
(0.5, 0.933) FIX;2 EFFECT17
(0, 8.21) FIX;3 +MTIME18
(0.5, 1.23) FIX;4 EFFECT18
(0, 19) FIX;5 +MTIME19
(0.5, 0.673) FIX;6 EFFECT19
(0, 10.3) FIX;7 +MTIME20
(0.5, 1.23) FIX;8 EFFECT20
(0, 10.3) FIX;9 +MTIME21
(0.5, 0.729) FIX;10 EFFECT21
(0, 7.29) FIX;11 +MTIME22
(0.5, 0.824) FIX;12 EFFECT22
(0, 14.6) FIX;11 +MTIME23
(0.5, 0.73) FIX;12 EFFECT23
(0, 9.15) FIX;11 +MTIME24
(0, 0.92) FIX;12 EFFECT24

$OMEGA 
 0 FIX;1 EFFECT17
 0 FIX;2 EFFECT18
 0 FIX;3 EFFECT19
 0.006 FIX;4 EFFECT20
 0.0188 FIX;5 EFFECT21
 0.0201 FIX;6 EFFECT22
 0.0186 FIX;7 EFFECT23
 0.0021 FIX;8 EFFECT24

$SIGMA 
 0.1 ;prop c
10 ;add c

$EST METHOD=1 INTER MAXEVAL=9999 NOABORT NSIG=3 SIGL=6 PRINT=1 POSTHOC

$COV UNCONDITIONAL

$TABLE ID TIME DV OBS CMT MDV IPRED IdLandkreis R0_0 R0_1 R0_2 R0_3 R0_4 R0_5 R0_6 R0_7 R0_8 R0_9 R0_10 R0_11 R0_12 R0_13 R0_14 R0_15 R0_16 R0_17 R0_18 R0_19 R0_20 R0_21 R0_22 R0_23 R0_24 CP_4 CP_5 CP_6 CP_7 CP_8 CP_9 CP_10 CP_11 CP_12 CP_13 CP_14 CP_15 CP_16 CP_17 CP_18 CP_19 CP_20 CP_21 CP_22 CP_23 CP_24 F2 R0FREE R0END ONEHEADER NOPRINT FILE=sdtab0047

NM-TRAN MESSAGES
  
 WARNINGS AND ERRORS (IF ANY) FOR PROBLEM    1
             
 (WARNING  2) NM-TRAN INFERS THAT THE DATA ARE POPULATION.
             
 (WARNING  68) THE INT, MOD, MIN, OR MAX FUNCTION IS BEING USED OUTSIDE OF A
 SIMULATION BLOCK. IF THE FUNCTION VALUE AFFECTS THE VALUE OF THE
 OBJECTIVE FUNCTION, THEN AN ERROR WILL PROBABLY OCCUR.
             
 (WARNING  48) DES-DEFINED ITEMS ARE COMPUTED ONLY WHEN EVENT TIME
 INCREASES. E.G., DISPLAYED VALUES ASSOCIATED WITH THE FIRST EVENT RECORD
 OF AN INDIVIDUAL RECORD ARE COMPUTED WITH (THE LAST ADVANCE TO) AN EVENT
 TIME OF THE PRIOR INDIVIDUAL RECORD.

License Registered to: Univ des Saarlandes
Expiration Date:    14 NOV 2021
Current Date:       17 MAR 2021
Days until program expires : 237
1NONLINEAR MIXED EFFECTS MODEL PROGRAM (NONMEM) VERSION 7.4.3
 ORIGINALLY DEVELOPED BY STUART BEAL, LEWIS SHEINER, AND ALISON BOECKMANN
 CURRENT DEVELOPERS ARE ROBERT BAUER, ICON DEVELOPMENT SOLUTIONS,
 AND ALISON BOECKMANN. IMPLEMENTATION, EFFICIENCY, AND STANDARDIZATION
 PERFORMED BY NOUS INFOSYSTEMS.

 PROBLEM NO.:         1
 COVID-19 cases
0DATA CHECKOUT RUN:              NO
 DATA SET LOCATED ON UNIT NO.:    2
 THIS UNIT TO BE REWOUND:        NO
 NO. OF DATA RECS IN DATA SET:   111713
 NO. OF DATA ITEMS IN DATA SET:  55
 ID DATA ITEM IS DATA ITEM NO.:   1
 DEP VARIABLE IS DATA ITEM NO.:   4
 MDV DATA ITEM IS DATA ITEM NO.:  6
0INDICES PASSED TO SUBROUTINE PRED:
  55   2   5   0   0   0   7   0   0   0   0
0LABELS FOR DATA ITEMS:
 ID TIME IdLandkreis DV AMT MDV CMT Week OBS EWZ DV_CASE0 SCHOOLS STORECLOSURE CURFEW RESTRAININGORDER CARNIVAL fixR0_0
 fixR0_1 fixR0_2 fixR0_3 fixR0_4 fixR0_5 fixR0_6 fixR0_7 fixR0_8 fixR0_9 fixR0_10 fixR0_11 fixR0_12 fixR0_13 fixR0_14
 fixR0_15 fixR0_16 fixR0_17 fixR0_18 fixR0_19 fixCP_4 fixCP_5 fixCP_6 fixCP_7 fixCP_8 fixCP_9 fixCP_10 fixCP_11 fixCP_12
 fixCP_13 fixCP_14 fixCP_15 fixCP_16 fixCP_17 fixCP_18 fixCP_19 fixF2 PREDIC EVID
0(NONBLANK) LABELS FOR PRED-DEFINED ITEMS:
 R0END R0_0 R0_1 R0_2 R0_3 R0_4 CP_4 R0_5 CP_5 R0_6 CP_6 R0_7 CP_7 R0_8 CP_8 R0_9 CP_9 R0_10 CP_10 R0_11 CP_11 R0_12 CP_12
 R0_13 CP_13 R0_14 CP_14 R0_15 CP_15 R0_16 CP_16 R0_17 CP_17 R0_18 CP_18 R0_19 CP_19 R0_20 CP_20 R0_21 CP_21 R0_22 CP_22
 R0_23 CP_23 R0_24 CP_24 F2 R0FREE IPRED
0FORMAT FOR DATA:
 (9(6E11.0/)/1F2.0)

 TOT. NO. OF OBS RECS:   111301
 TOT. NO. OF INDIVIDUALS:      412
0LENGTH OF THETA:  16
0DEFAULT THETA BOUNDARY TEST OMITTED:    NO
0OMEGA HAS SIMPLE DIAGONAL FORM WITH DIMENSION:   8
0DEFAULT OMEGA BOUNDARY TEST OMITTED:    NO
0SIGMA HAS SIMPLE DIAGONAL FORM WITH DIMENSION:   2
0DEFAULT SIGMA BOUNDARY TEST OMITTED:    NO
0INITIAL ESTIMATE OF THETA:
 LOWER BOUND    INITIAL EST    UPPER BOUND
  0.9320E+01     0.9320E+01     0.9320E+01
  0.9330E+00     0.9330E+00     0.9330E+00
  0.8210E+01     0.8210E+01     0.8210E+01
  0.1230E+01     0.1230E+01     0.1230E+01
  0.1900E+02     0.1900E+02     0.1900E+02
  0.6730E+00     0.6730E+00     0.6730E+00
  0.1030E+02     0.1030E+02     0.1030E+02
  0.1230E+01     0.1230E+01     0.1230E+01
  0.1030E+02     0.1030E+02     0.1030E+02
  0.7290E+00     0.7290E+00     0.7290E+00
  0.7290E+01     0.7290E+01     0.7290E+01
  0.8240E+00     0.8240E+00     0.8240E+00
  0.1460E+02     0.1460E+02     0.1460E+02
  0.7300E+00     0.7300E+00     0.7300E+00
  0.9150E+01     0.9150E+01     0.9150E+01
  0.9200E+00     0.9200E+00     0.9200E+00
0INITIAL ESTIMATE OF OMEGA:
 0.0000E+00
 0.0000E+00   0.0000E+00
 0.0000E+00   0.0000E+00   0.0000E+00
 0.0000E+00   0.0000E+00   0.0000E+00   0.6000E-02
 0.0000E+00   0.0000E+00   0.0000E+00   0.0000E+00   0.1880E-01
 0.0000E+00   0.0000E+00   0.0000E+00   0.0000E+00   0.0000E+00   0.2010E-01
 0.0000E+00   0.0000E+00   0.0000E+00   0.0000E+00   0.0000E+00   0.0000E+00   0.1860E-01
 0.0000E+00   0.0000E+00   0.0000E+00   0.0000E+00   0.0000E+00   0.0000E+00   0.0000E+00   0.2100E-02
0OMEGA CONSTRAINED TO BE THIS INITIAL ESTIMATE
0INITIAL ESTIMATE OF SIGMA:
 0.1000E+00
 0.0000E+00   0.1000E+02
0COVARIANCE STEP OMITTED:        NO
 EIGENVLS. PRINTED:              NO
 SPECIAL COMPUTATION:            NO
 COMPRESSED FORMAT:              NO
 GRADIENT METHOD USED:     NOSLOW
 SIGDIGITS ETAHAT (SIGLO):                  -1
 SIGDIGITS GRADIENTS (SIGL):                -1
 EXCLUDE COV FOR FOCE (NOFCOV):              NO
 TURN OFF Cholesky Transposition of R Matrix (CHOLROFF): NO
 KNUTHSUMOFF:                                -1
 RESUME COV ANALYSIS (RESUME):               NO
 SIR SAMPLE SIZE (SIRSAMPLE):              -1
 NON-LINEARLY TRANSFORM THETAS DURING COV (THBND): 1
 PRECONDTIONING CYCLES (PRECOND):        0
 PRECONDTIONING TYPES (PRECONDS):        TOS
 FORCED PRECONDTIONING CYCLES (PFCOND):0
 PRECONDTIONING TYPE (PRETYPE):        0
 FORCED POS. DEFINITE SETTING: (FPOSDEF):0
0TABLES STEP OMITTED:    NO
 NO. OF TABLES:           1
 SEED NUMBER (SEED):    11456
 RANMETHOD:             3U
 MC SAMPLES (ESAMPLE):    300
 WRES SQUARE ROOT TYPE (WRESCHOL): EIGENVALUE
0-- TABLE   1 --
0RECORDS ONLY:    ALL
04 COLUMNS APPENDED:    YES
 PRINTED:                NO
 HEADERS:               ONE
 FILE TO BE FORWARDED:   NO
 FORMAT:                S1PE11.4
 LFORMAT:
 RFORMAT:
 FIXED_EFFECT_ETAS:
0USER-CHOSEN ITEMS:
 ID TIME DV OBS CMT MDV IPRED IdLandkreis R0_0 R0_1 R0_2 R0_3 R0_4 R0_5 R0_6 R0_7 R0_8 R0_9 R0_10 R0_11 R0_12 R0_13 R0_14
 R0_15 R0_16 R0_17 R0_18 R0_19 R0_20 R0_21 R0_22 R0_23 R0_24 CP_4 CP_5 CP_6 CP_7 CP_8 CP_9 CP_10 CP_11 CP_12 CP_13 CP_14
 CP_15 CP_16 CP_17 CP_18 CP_19 CP_20 CP_21 CP_22 CP_23 CP_24 F2 R0FREE R0END
1DOUBLE PRECISION PREDPP VERSION 7.4.3

 GENERAL NONLINEAR KINETICS MODEL WITH STIFF/NONSTIFF EQUATIONS (LSODA, ADVAN13)
0MODEL SUBROUTINE USER-SUPPLIED - ID NO. 9999
0MAXIMUM NO. OF BASIC PK PARAMETERS:   6
0COMPARTMENT ATTRIBUTES
 COMPT. NO.   FUNCTION   INITIAL    ON/OFF      DOSE      DEFAULT    DEFAULT
                         STATUS     ALLOWED    ALLOWED    FOR DOSE   FOR OBS.
    1         COMP 1       ON         YES        YES        YES        YES
    2         COMP 2       ON         YES        YES        NO         NO
    3         COMP 3       ON         YES        YES        NO         NO
    4         OUTPUT       OFF        YES        NO         NO         NO
 INITIAL (BASE) TOLERANCE SETTINGS:
 NRD (RELATIVE) VALUE(S) OF TOLERANCE:   6
 ANRD (ABSOLUTE) VALUE(S) OF TOLERANCE:  12
1
 ADDITIONAL PK PARAMETERS - ASSIGNMENT OF ROWS IN GG
 COMPT. NO.                             INDICES
              SCALE      BIOAVAIL.   ZERO-ORDER  ZERO-ORDER  ABSORB
                         FRACTION    RATE        DURATION    LAG
    1            *           *           *           *           *
    2            *           7           *           *           8
    3            *           *           *           *           *
    4            *           -           -           -           -
             - PARAMETER IS NOT ALLOWED FOR THIS MODEL
             * PARAMETER IS NOT SUPPLIED BY PK SUBROUTINE;
               WILL DEFAULT TO ONE IF APPLICABLE
0FIRST MODEL TIME PARAMETER ASSIGNED TO ROW NO.:  9
 LAST  MODEL TIME PARAMETER ASSIGNED TO ROW NO.: 30
0DATA ITEM INDICES USED BY PRED ARE:
   EVENT ID DATA ITEM IS DATA ITEM NO.:     55
   TIME DATA ITEM IS DATA ITEM NO.:          2
   DOSE AMOUNT DATA ITEM IS DATA ITEM NO.:   5
   COMPT. NO. DATA ITEM IS DATA ITEM NO.:    7

0PK SUBROUTINE CALLED WITH EVERY EVENT RECORD.
 PK SUBROUTINE CALLED AT NONEVENT (ADDITIONAL AND LAGGED) DOSE TIMES AND AT MODEL TIMES.

0PK SUBROUTINE INDICATES THAT COMPARTMENT AMOUNTS ARE INITIALIZED.
0ERROR SUBROUTINE CALLED WITH EVERY EVENT RECORD.
0ERROR SUBROUTINE INDICATES THAT DERIVATIVES OF COMPARTMENT AMOUNTS ARE USED.
0DES SUBROUTINE USES COMPACT STORAGE MODE.

 #PARA: PARAFILE=pirana_auto_mpi.pnm, PROTOCOL=MPI, NODES= 18

1


 #TBLN:      1
 #METH: First Order Conditional Estimation with Interaction

 ESTIMATION STEP OMITTED:                 NO
 ANALYSIS TYPE:                           POPULATION
 NUMBER OF SADDLE POINT RESET ITERATIONS:      0
 GRADIENT METHOD USED:               NOSLOW
 CONDITIONAL ESTIMATES USED:              YES
 CENTERED ETA:                            NO
 EPS-ETA INTERACTION:                     YES
 LAPLACIAN OBJ. FUNC.:                    NO
 NO. OF FUNCT. EVALS. ALLOWED:            9999
 NO. OF SIG. FIGURES REQUIRED:            3
 INTERMEDIATE PRINTOUT:                   YES
 ESTIMATE OUTPUT TO MSF:                  NO
 ABORT WITH PRED EXIT CODE 1:             NO
 IND. OBJ. FUNC. VALUES SORTED:           NO
 NUMERICAL DERIVATIVE
       FILE REQUEST (NUMDER):               NONE
 MAP (ETAHAT) ESTIMATION METHOD (OPTMAP):   0
 ETA HESSIAN EVALUATION METHOD (ETADER):    0
 INITIAL ETA FOR MAP ESTIMATION (MCETA):    0
 SIGDIGITS FOR MAP ESTIMATION (SIGLO):      6
 GRADIENT SIGDIGITS OF
       FIXED EFFECTS PARAMETERS (SIGL):     6
 NOPRIOR SETTING (NOPRIOR):                 OFF
 NOCOV SETTING (NOCOV):                     OFF
 DERCONT SETTING (DERCONT):                 OFF
 FINAL ETA RE-EVALUATION (FNLETA):          ON
 EXCLUDE NON-INFLUENTIAL (NON-INFL.) ETAS
       IN SHRINKAGE (ETASTYPE):             NO
 NON-INFL. ETA CORRECTION (NONINFETA):      OFF
 RAW OUTPUT FILE (FILE): 0047.ext
 EXCLUDE TITLE (NOTITLE):                   NO
 EXCLUDE COLUMN LABELS (NOLABEL):           NO
 FORMAT FOR ADDITIONAL FILES (FORMAT):      S1PE12.5
 PARAMETER ORDER FOR OUTPUTS (ORDER):       TSOL
 WISHART PRIOR DF INTERPRETATION (WISHTYPE):0
 KNUTHSUMOFF:                               0
 INCLUDE LNTWOPI:                           NO
 INCLUDE CONSTANT TERM TO PRIOR (PRIORC):   NO
 INCLUDE CONSTANT TERM TO OMEGA (ETA) (OLNTWOPI):NO
 ADDITIONAL CONVERGENCE TEST (CTYPE=4)?:    NO
 EM OR BAYESIAN METHOD USED:                 NONE

 TOLERANCES FOR ESTIMATION/EVALUATION STEP:
 NRD (RELATIVE) VALUE(S) OF TOLERANCE:   6
 ANRD (ABSOLUTE) VALUE(S) OF TOLERANCE:  12
 TOLERANCES FOR COVARIANCE STEP:
 NRD (RELATIVE) VALUE(S) OF TOLERANCE:   6
 ANRD (ABSOLUTE) VALUE(S) OF TOLERANCE:  12
 TOLERANCES FOR TABLE/SCATTER STEP:
 NRD (RELATIVE) VALUE(S) OF TOLERANCE:   6
 ANRD (ABSOLUTE) VALUE(S) OF TOLERANCE:  12

 THE FOLLOWING LABELS ARE EQUIVALENT
 PRED=PREDI
 RES=RESI
 WRES=WRESI
 IWRS=IWRESI
 IPRD=IPREDI
 IRS=IRESI

 MONITORING OF SEARCH:


0ITERATION NO.:    0    OBJECTIVE VALUE:   1271908.63735552        NO. OF FUNC. EVALS.:   3
 CUMULATIVE NO. OF FUNC. EVALS.:        3
 NPARAMETR:  1.0000E-01  1.0000E+01
 PARAMETER:  1.0000E-01  1.0000E-01
 GRADIENT:   1.2731E+10  1.2731E+10

0ITERATION NO.:    1    OBJECTIVE VALUE:   1063301.92776618        NO. OF FUNC. EVALS.:   6
 CUMULATIVE NO. OF FUNC. EVALS.:        9
 NPARAMETR:  9.0718E-03  9.0721E-01
 PARAMETER: -1.1000E+00 -1.1000E+00
 GRADIENT:   9.9838E+08  9.9830E+08

0ITERATION NO.:    2    OBJECTIVE VALUE:   1049962.54965632        NO. OF FUNC. EVALS.:   6
 CUMULATIVE NO. OF FUNC. EVALS.:       15
 NPARAMETR:  4.1750E-03  4.1755E-01
 PARAMETER: -1.4880E+00 -1.4880E+00
 GRADIENT:   7.5784E+08  7.5788E+08

0ITERATION NO.:    3    OBJECTIVE VALUE:   1049962.54965632        NO. OF FUNC. EVALS.:  11
 CUMULATIVE NO. OF FUNC. EVALS.:       26
 NPARAMETR:  4.1750E-03  4.1755E-01
 PARAMETER: -1.4880E+00 -1.4880E+00
 GRADIENT:  -1.0888E+05 -9.3649E+04

0ITERATION NO.:    4    OBJECTIVE VALUE:   914536.448428111        NO. OF FUNC. EVALS.:  15
 CUMULATIVE NO. OF FUNC. EVALS.:       41             RESET HESSIAN, TYPE I
 NPARAMETR:  1.7982E-03  5.6067E+01
 PARAMETER: -1.9092E+00  9.6199E-01
 GRADIENT:   5.7903E+08  1.1497E+09

0ITERATION NO.:    5    OBJECTIVE VALUE:   906709.353150868        NO. OF FUNC. EVALS.:   4
 CUMULATIVE NO. OF FUNC. EVALS.:       45
 NPARAMETR:  1.5576E-03  2.4626E+01
 PARAMETER: -1.9810E+00  5.5061E-01
 GRADIENT:   5.6571E+08  2.0365E+09

0ITERATION NO.:    6    OBJECTIVE VALUE:   906709.353150868        NO. OF FUNC. EVALS.:  11
 CUMULATIVE NO. OF FUNC. EVALS.:       56
 NPARAMETR:  1.5576E-03  2.4626E+01
 PARAMETER: -1.9810E+00  5.5061E-01
 GRADIENT:  -3.6447E+05 -1.4659E+04

0ITERATION NO.:    7    OBJECTIVE VALUE:   880210.583383350        NO. OF FUNC. EVALS.:  13
 CUMULATIVE NO. OF FUNC. EVALS.:       69             RESET HESSIAN, TYPE I
 NPARAMETR:  4.8944E-04  3.6647E+01
 PARAMETER: -2.5598E+00  7.4937E-01
 GRADIENT:   6.0365E+08  2.0665E+09

0ITERATION NO.:    8    OBJECTIVE VALUE:   880210.583383350        NO. OF FUNC. EVALS.:   8
 CUMULATIVE NO. OF FUNC. EVALS.:       77
 NPARAMETR:  4.8944E-04  3.6647E+01
 PARAMETER: -2.5598E+00  7.4937E-01
 GRADIENT:  -1.2496E+06 -8.6559E+04

0ITERATION NO.:    9    OBJECTIVE VALUE:   879650.519769384        NO. OF FUNC. EVALS.:   7
 CUMULATIVE NO. OF FUNC. EVALS.:       84
 NPARAMETR:  5.6627E-04  3.5119E+01
 PARAMETER: -2.4869E+00  7.2807E-01
 GRADIENT:  -1.4416E+06 -6.2864E+04

0ITERATION NO.:   10    OBJECTIVE VALUE:   875328.007894184        NO. OF FUNC. EVALS.:  14
 CUMULATIVE NO. OF FUNC. EVALS.:       98             RESET HESSIAN, TYPE I
 NPARAMETR:  5.9262E-04  7.5685E+01
 PARAMETER: -2.4642E+00  1.1120E+00
 GRADIENT:   5.8379E+08  1.2960E+09

0ITERATION NO.:   11    OBJECTIVE VALUE:   875216.200032907        NO. OF FUNC. EVALS.:   4
 CUMULATIVE NO. OF FUNC. EVALS.:      102
 NPARAMETR:  5.8592E-04  7.0307E+01
 PARAMETER: -2.4699E+00  1.0751E+00
 GRADIENT:   5.7854E+08  1.3314E+09

0ITERATION NO.:   12    OBJECTIVE VALUE:   875216.200032907        NO. OF FUNC. EVALS.:  11
 CUMULATIVE NO. OF FUNC. EVALS.:      113
 NPARAMETR:  5.8592E-04  7.0307E+01
 PARAMETER: -2.4699E+00  1.0751E+00
 GRADIENT:  -1.1150E+06 -6.1892E+04

0ITERATION NO.:   13    OBJECTIVE VALUE:   874095.966009230        NO. OF FUNC. EVALS.:  13
 CUMULATIVE NO. OF FUNC. EVALS.:      126             RESET HESSIAN, TYPE I
 NPARAMETR:  3.7231E-04  8.0978E+01
 PARAMETER: -2.6966E+00  1.1458E+00
 GRADIENT:   6.2476E+08  1.4739E+09

0ITERATION NO.:   14    OBJECTIVE VALUE:   874095.966009230        NO. OF FUNC. EVALS.:  12
 CUMULATIVE NO. OF FUNC. EVALS.:      138
 NPARAMETR:  3.7231E-04  8.0978E+01
 PARAMETER: -2.6966E+00  1.1458E+00
 GRADIENT:  -1.6130E+06 -1.4281E+05

0ITERATION NO.:   15    OBJECTIVE VALUE:   873067.684679456        NO. OF FUNC. EVALS.:   7
 CUMULATIVE NO. OF FUNC. EVALS.:      145
 NPARAMETR:  4.3589E-04  8.4952E+01
 PARAMETER: -2.6178E+00  1.1698E+00
 GRADIENT:  -1.4109E+06 -1.2489E+05

0ITERATION NO.:   16    OBJECTIVE VALUE:   873059.264983796        NO. OF FUNC. EVALS.:   7
 CUMULATIVE NO. OF FUNC. EVALS.:      152
 NPARAMETR:  4.4285E-04  8.5350E+01
 PARAMETER: -2.6099E+00  1.1721E+00
 GRADIENT:  -1.1451E+06 -1.2160E+05

0ITERATION NO.:   17    OBJECTIVE VALUE:   872748.341531676        NO. OF FUNC. EVALS.:   6
 CUMULATIVE NO. OF FUNC. EVALS.:      158
 NPARAMETR:  4.4305E-04  1.0921E+02
 PARAMETER: -2.6096E+00  1.2953E+00
 GRADIENT:  -1.5336E+06 -1.6093E+05

0ITERATION NO.:   18    OBJECTIVE VALUE:   872455.688500416        NO. OF FUNC. EVALS.:  13
 CUMULATIVE NO. OF FUNC. EVALS.:      171             RESET HESSIAN, TYPE I
 NPARAMETR:  3.8748E-04  1.0406E+02
 PARAMETER: -2.6766E+00  1.2712E+00
 GRADIENT:   6.8257E+08  1.4408E+09

0ITERATION NO.:   19    OBJECTIVE VALUE:   872455.688500416        NO. OF FUNC. EVALS.:  12
 CUMULATIVE NO. OF FUNC. EVALS.:      183
 NPARAMETR:  3.8748E-04  1.0406E+02
 PARAMETER: -2.6766E+00  1.2712E+00
 GRADIENT:  -1.7817E+06 -1.6012E+05

0ITERATION NO.:   20    OBJECTIVE VALUE:   872427.186887469        NO. OF FUNC. EVALS.:   9
 CUMULATIVE NO. OF FUNC. EVALS.:      192
 NPARAMETR:  3.9952E-04  1.0481E+02
 PARAMETER: -2.6613E+00  1.2748E+00
 GRADIENT:  -1.5909E+06 -1.5021E+05

0ITERATION NO.:   21    OBJECTIVE VALUE:   872387.665634506        NO. OF FUNC. EVALS.:   6
 CUMULATIVE NO. OF FUNC. EVALS.:      198
 NPARAMETR:  4.0066E-04  1.2754E+02
 PARAMETER: -2.6599E+00  1.3729E+00
 GRADIENT:  -1.4327E+06 -1.9143E+05

0ITERATION NO.:   22    OBJECTIVE VALUE:   872258.961394829        NO. OF FUNC. EVALS.:  13
 CUMULATIVE NO. OF FUNC. EVALS.:      211             RESET HESSIAN, TYPE I
 NPARAMETR:  3.5853E-04  1.1712E+02
 PARAMETER: -2.7155E+00  1.3303E+00
 GRADIENT:   6.7974E+08  1.3909E+09

0ITERATION NO.:   23    OBJECTIVE VALUE:   872258.961394829        NO. OF FUNC. EVALS.:  12
 CUMULATIVE NO. OF FUNC. EVALS.:      223
 NPARAMETR:  3.5853E-04  1.1712E+02
 PARAMETER: -2.7155E+00  1.3303E+00
 GRADIENT:  -1.5728E+06 -1.7603E+05

0ITERATION NO.:   24    OBJECTIVE VALUE:   872199.770938803        NO. OF FUNC. EVALS.:   9
 CUMULATIVE NO. OF FUNC. EVALS.:      232
 NPARAMETR:  3.7504E-04  1.1849E+02
 PARAMETER: -2.6929E+00  1.3361E+00
 GRADIENT:  -1.6185E+06 -1.7261E+05

0ITERATION NO.:   25    OBJECTIVE VALUE:   872166.274555618        NO. OF FUNC. EVALS.:  14
 CUMULATIVE NO. OF FUNC. EVALS.:      246             RESET HESSIAN, TYPE I
 NPARAMETR:  3.7074E-04  1.3435E+02
 PARAMETER: -2.6987E+00  1.3989E+00
 GRADIENT:   6.3268E+08  1.2233E+09

0ITERATION NO.:   26    OBJECTIVE VALUE:   872128.847184870        NO. OF FUNC. EVALS.:   5
 CUMULATIVE NO. OF FUNC. EVALS.:      251
 NPARAMETR:  3.6726E-04  1.2869E+02
 PARAMETER: -2.7034E+00  1.3774E+00
 GRADIENT:   6.3181E+08  1.2428E+09

0ITERATION NO.:   27    OBJECTIVE VALUE:   872128.847184870        NO. OF FUNC. EVALS.:  11
 CUMULATIVE NO. OF FUNC. EVALS.:      262
 NPARAMETR:  3.6726E-04  1.2869E+02
 PARAMETER: -2.7034E+00  1.3774E+00
 GRADIENT:  -1.5779E+06 -1.9283E+05

0ITERATION NO.:   28    OBJECTIVE VALUE:   872116.667003619        NO. OF FUNC. EVALS.:  14
 CUMULATIVE NO. OF FUNC. EVALS.:      276             RESET HESSIAN, TYPE I
 NPARAMETR:  3.4759E-04  1.2962E+02
 PARAMETER: -2.7310E+00  1.3810E+00
 GRADIENT:   6.4339E+08  1.2753E+09

0ITERATION NO.:   29    OBJECTIVE VALUE:   872116.667003619        NO. OF FUNC. EVALS.:  12
 CUMULATIVE NO. OF FUNC. EVALS.:      288
 NPARAMETR:  3.4759E-04  1.2962E+02
 PARAMETER: -2.7310E+00  1.3810E+00
 GRADIENT:  -1.6797E+06 -1.9253E+05

0ITERATION NO.:   30    OBJECTIVE VALUE:   872102.054192574        NO. OF FUNC. EVALS.:   9
 CUMULATIVE NO. OF FUNC. EVALS.:      297
 NPARAMETR:  3.5536E-04  1.3035E+02
 PARAMETER: -2.7199E+00  1.3838E+00
 GRADIENT:  -1.5672E+06 -1.6192E+05

0ITERATION NO.:   31    OBJECTIVE VALUE:   872097.959699918        NO. OF FUNC. EVALS.:  14
 CUMULATIVE NO. OF FUNC. EVALS.:      311             RESET HESSIAN, TYPE I
 NPARAMETR:  3.5444E-04  1.3781E+02
 PARAMETER: -2.7212E+00  1.4116E+00
 GRADIENT:   6.6717E+08  1.2892E+09

0ITERATION NO.:   32    OBJECTIVE VALUE:   872090.241253354        NO. OF FUNC. EVALS.:   5
 CUMULATIVE NO. OF FUNC. EVALS.:      316
 NPARAMETR:  3.5358E-04  1.3502E+02
 PARAMETER: -2.7224E+00  1.4014E+00
 GRADIENT:   6.4401E+08  1.2540E+09

0ITERATION NO.:   33    OBJECTIVE VALUE:   872090.241253354        NO. OF FUNC. EVALS.:  11
 CUMULATIVE NO. OF FUNC. EVALS.:      327
 NPARAMETR:  3.5358E-04  1.3502E+02
 PARAMETER: -2.7224E+00  1.4014E+00
 GRADIENT:  -1.6886E+06 -1.9991E+05

0ITERATION NO.:   34    OBJECTIVE VALUE:   872089.299220777        NO. OF FUNC. EVALS.:  13
 CUMULATIVE NO. OF FUNC. EVALS.:      340             RESET HESSIAN, TYPE I
 NPARAMETR:  3.4318E-04  1.3487E+02
 PARAMETER: -2.7373E+00  1.4008E+00
 GRADIENT:   6.5552E+08  1.2840E+09

0ITERATION NO.:   35    OBJECTIVE VALUE:   872089.299220777        NO. OF FUNC. EVALS.:  13
 CUMULATIVE NO. OF FUNC. EVALS.:      353
 NPARAMETR:  3.4318E-04  1.3487E+02
 PARAMETER: -2.7373E+00  1.4008E+00
 GRADIENT:  -1.7232E+06 -2.0852E+05

0ITERATION NO.:   36    OBJECTIVE VALUE:   872084.360191379        NO. OF FUNC. EVALS.:   9
 CUMULATIVE NO. OF FUNC. EVALS.:      362
 NPARAMETR:  3.4782E-04  1.3510E+02
 PARAMETER: -2.7306E+00  1.4017E+00
 GRADIENT:  -1.5339E+06 -2.4264E+05

0ITERATION NO.:   37    OBJECTIVE VALUE:   872082.502229933        NO. OF FUNC. EVALS.:   9
 CUMULATIVE NO. OF FUNC. EVALS.:      371
 NPARAMETR:  3.4855E-04  1.3659E+02
 PARAMETER: -2.7296E+00  1.4072E+00
 GRADIENT:  -1.5056E+06 -2.4084E+05

0ITERATION NO.:   38    OBJECTIVE VALUE:   872080.089847601        NO. OF FUNC. EVALS.:  12
 CUMULATIVE NO. OF FUNC. EVALS.:      383             RESET HESSIAN, TYPE I
 NPARAMETR:  3.4386E-04  1.3727E+02
 PARAMETER: -2.7363E+00  1.4097E+00
 GRADIENT:   6.5297E+08  1.2705E+09

0ITERATION NO.:   39    OBJECTIVE VALUE:   872080.089847601        NO. OF FUNC. EVALS.:  12
 CUMULATIVE NO. OF FUNC. EVALS.:      395
 NPARAMETR:  3.4386E-04  1.3727E+02
 PARAMETER: -2.7363E+00  1.4097E+00
 GRADIENT:  -1.5316E+06 -1.7577E+05

0ITERATION NO.:   40    OBJECTIVE VALUE:   872079.919568108        NO. OF FUNC. EVALS.:  10
 CUMULATIVE NO. OF FUNC. EVALS.:      405
 NPARAMETR:  3.4575E-04  1.3745E+02
 PARAMETER: -2.7336E+00  1.4103E+00
 GRADIENT:  -1.6773E+06 -1.9970E+05

0ITERATION NO.:   41    OBJECTIVE VALUE:   872078.137950957        NO. OF FUNC. EVALS.:  14
 CUMULATIVE NO. OF FUNC. EVALS.:      419             RESET HESSIAN, TYPE I
 NPARAMETR:  3.4287E-04  1.4028E+02
 PARAMETER: -2.7378E+00  1.4205E+00
 GRADIENT:   6.5635E+08  1.2680E+09

0ITERATION NO.:   42    OBJECTIVE VALUE:   872077.949824454        NO. OF FUNC. EVALS.:   4
 CUMULATIVE NO. OF FUNC. EVALS.:      423
 NPARAMETR:  3.4314E-04  1.3948E+02
 PARAMETER: -2.7374E+00  1.4177E+00
 GRADIENT:   6.5513E+08  1.2680E+09

0ITERATION NO.:   43    OBJECTIVE VALUE:   872077.949824454        NO. OF FUNC. EVALS.:  10
 CUMULATIVE NO. OF FUNC. EVALS.:      433
 NPARAMETR:  3.4314E-04  1.3948E+02
 PARAMETER: -2.7374E+00  1.4177E+00
 GRADIENT:  -1.5813E+06 -1.8101E+05

0ITERATION NO.:   44    OBJECTIVE VALUE:   872077.949824454        NO. OF FUNC. EVALS.:  10
 CUMULATIVE NO. OF FUNC. EVALS.:      443
 NPARAMETR:  3.4314E-04  1.3948E+02
 PARAMETER: -2.7374E+00  1.4177E+00
 GRADIENT:   2.0803E+02  2.3771E+01

 #TERM:
0MINIMIZATION SUCCESSFUL
 HOWEVER, PROBLEMS OCCURRED WITH THE MINIMIZATION.
 REGARD THE RESULTS OF THE ESTIMATION STEP CAREFULLY, AND ACCEPT THEM ONLY
 AFTER CHECKING THAT THE COVARIANCE STEP PRODUCES REASONABLE OUTPUT.
 NO. OF FUNCTION EVALUATIONS USED:      443
 NO. OF SIG. DIGITS IN FINAL EST.:  3.0

 ETABAR IS THE ARITHMETIC MEAN OF THE ETA-ESTIMATES,
 AND THE P-VALUE IS GIVEN FOR THE NULL HYPOTHESIS THAT THE TRUE MEAN IS 0.

 ETABAR:         0.0000E+00  0.0000E+00  0.0000E+00 -1.2861E-02 -9.7069E-03 -1.9731E-02  7.8989E-03  4.6702E-03
 SE:             0.0000E+00  0.0000E+00  0.0000E+00  5.2667E-03  7.2706E-03  7.9627E-03  7.1785E-03  2.7479E-03
 N:                     412         412         412         412         412         412         412         412

 P VAL.:         1.0000E+00  1.0000E+00  1.0000E+00  1.4608E-02  1.8185E-01  1.3212E-02  2.7118E-01  8.9213E-02

 ETASHRINKSD(%)  1.0000E+02  1.0000E+02  1.0000E+02  1.0000E-10  1.0000E-10  1.0000E-10  1.0000E-10  1.0000E-10
 ETASHRINKVR(%)  1.0000E+02  1.0000E+02  1.0000E+02  1.0000E-10  1.0000E-10  1.0000E-10  1.0000E-10  1.0000E-10
 EBVSHRINKSD(%)  0.0000E+00  0.0000E+00  0.0000E+00  6.3755E+00  4.6048E+01  1.4869E+01  4.2822E+01  3.5657E+01
 EBVSHRINKVR(%)  0.0000E+00  0.0000E+00  0.0000E+00  1.2345E+01  7.0892E+01  2.7527E+01  6.7307E+01  5.8599E+01
 EPSSHRINKSD(%)  5.6539E-01  5.6672E-01
 EPSSHRINKVR(%)  1.1276E+00  1.1302E+00

  
 TOTAL DATA POINTS NORMALLY DISTRIBUTED (N):       111301
 N*LOG(2PI) CONSTANT TO OBJECTIVE FUNCTION:    204557.55536842655     
 OBJECTIVE FUNCTION VALUE WITHOUT CONSTANT:    872077.94982445450     
 OBJECTIVE FUNCTION VALUE WITH CONSTANT:       1076635.5051928810     
 REPORTED OBJECTIVE FUNCTION DOES NOT CONTAIN CONSTANT
  
 TOTAL EFFECTIVE ETAS (NIND*NETA):                          2060
  
 #TERE:
 Elapsed estimation  time in seconds:   276.39
 Elapsed covariance  time in seconds:    32.29
 Elapsed postprocess time in seconds:    66.49
1
 
 
 
 
 
 
 
 
 
 
 
 
 
 
 
 
 
 
 
 
 ************************************************************************************************************************
 ********************                                                                                ********************
 ********************               FIRST ORDER CONDITIONAL ESTIMATION WITH INTERACTION              ********************
 #OBJT:**************                       MINIMUM VALUE OF OBJECTIVE FUNCTION                      ********************
 ********************                                                                                ********************
 ************************************************************************************************************************
 





 #OBJV:********************************************   872077.950       **************************************************
1
 ************************************************************************************************************************
 ********************                                                                                ********************
 ********************               FIRST ORDER CONDITIONAL ESTIMATION WITH INTERACTION              ********************
 ********************                             FINAL PARAMETER ESTIMATE                           ********************
 ********************                                                                                ********************
 ************************************************************************************************************************
 


 THETA - VECTOR OF FIXED EFFECTS PARAMETERS   *********


         TH 1      TH 2      TH 3      TH 4      TH 5      TH 6      TH 7      TH 8      TH 9      TH10      TH11      TH12     
          TH13      TH14      TH15      TH16     
 
         9.32E+00  9.33E-01  8.21E+00  1.23E+00  1.90E+01  6.73E-01  1.03E+01  1.23E+00  1.03E+01  7.29E-01  7.29E+00  8.24E-01
          1.46E+01  7.30E-01  9.15E+00  9.20E-01
 


 OMEGA - COV MATRIX FOR RANDOM EFFECTS - ETAS  ********


         ETA1      ETA2      ETA3      ETA4      ETA5      ETA6      ETA7      ETA8     
 
 ETA1
+        0.00E+00
 
 ETA2
+        0.00E+00  0.00E+00
 
 ETA3
+        0.00E+00  0.00E+00  0.00E+00
 
 ETA4
+        0.00E+00  0.00E+00  0.00E+00  6.00E-03
 
 ETA5
+        0.00E+00  0.00E+00  0.00E+00  0.00E+00  1.88E-02
 
 ETA6
+        0.00E+00  0.00E+00  0.00E+00  0.00E+00  0.00E+00  2.01E-02
 
 ETA7
+        0.00E+00  0.00E+00  0.00E+00  0.00E+00  0.00E+00  0.00E+00  1.86E-02
 
 ETA8
+        0.00E+00  0.00E+00  0.00E+00  0.00E+00  0.00E+00  0.00E+00  0.00E+00  2.10E-03
 


 SIGMA - COV MATRIX FOR RANDOM EFFECTS - EPSILONS  ****


         EPS1      EPS2     
 
 EPS1
+        3.43E-04
 
 EPS2
+        0.00E+00  1.39E+02
 
1


 OMEGA - CORR MATRIX FOR RANDOM EFFECTS - ETAS  *******


         ETA1      ETA2      ETA3      ETA4      ETA5      ETA6      ETA7      ETA8     
 
 ETA1
+        0.00E+00
 
 ETA2
+        0.00E+00  0.00E+00
 
 ETA3
+        0.00E+00  0.00E+00  0.00E+00
 
 ETA4
+        0.00E+00  0.00E+00  0.00E+00  7.75E-02
 
 ETA5
+        0.00E+00  0.00E+00  0.00E+00  0.00E+00  1.37E-01
 
 ETA6
+        0.00E+00  0.00E+00  0.00E+00  0.00E+00  0.00E+00  1.42E-01
 
 ETA7
+        0.00E+00  0.00E+00  0.00E+00  0.00E+00  0.00E+00  0.00E+00  1.36E-01
 
 ETA8
+        0.00E+00  0.00E+00  0.00E+00  0.00E+00  0.00E+00  0.00E+00  0.00E+00  4.58E-02
 


 SIGMA - CORR MATRIX FOR RANDOM EFFECTS - EPSILONS  ***


         EPS1      EPS2     
 
 EPS1
+        1.85E-02
 
 EPS2
+        0.00E+00  1.18E+01
 
1
 ************************************************************************************************************************
 ********************                                                                                ********************
 ********************               FIRST ORDER CONDITIONAL ESTIMATION WITH INTERACTION              ********************
 ********************                            STANDARD ERROR OF ESTIMATE                          ********************
 ********************                                                                                ********************
 ************************************************************************************************************************
 


 THETA - VECTOR OF FIXED EFFECTS PARAMETERS   *********


         TH 1      TH 2      TH 3      TH 4      TH 5      TH 6      TH 7      TH 8      TH 9      TH10      TH11      TH12     
          TH13      TH14      TH15      TH16     
 
        ......... ......... ......... ......... ......... ......... ......... ......... ......... ......... ......... .........
         ......... ......... ......... .........
 


 OMEGA - COV MATRIX FOR RANDOM EFFECTS - ETAS  ********


         ETA1      ETA2      ETA3      ETA4      ETA5      ETA6      ETA7      ETA8     
 
 ETA1
+       .........
 
 ETA2
+       ......... .........
 
 ETA3
+       ......... ......... .........
 
 ETA4
+       ......... ......... ......... .........
 
 ETA5
+       ......... ......... ......... ......... .........
 
 ETA6
+       ......... ......... ......... ......... ......... .........
 
 ETA7
+       ......... ......... ......... ......... ......... ......... .........
 
 ETA8
+       ......... ......... ......... ......... ......... ......... ......... .........
 


 SIGMA - COV MATRIX FOR RANDOM EFFECTS - EPSILONS  ****


         EPS1      EPS2     
 
 EPS1
+        3.47E-04
 
 EPS2
+       .........  5.68E+01
 
1


 OMEGA - CORR MATRIX FOR RANDOM EFFECTS - ETAS  *******


         ETA1      ETA2      ETA3      ETA4      ETA5      ETA6      ETA7      ETA8     
 
 ETA1
+       .........
 
 ETA2
+       ......... .........
 
 ETA3
+       ......... ......... .........
 
 ETA4
+       ......... ......... ......... .........
 
 ETA5
+       ......... ......... ......... ......... .........
 
 ETA6
+       ......... ......... ......... ......... ......... .........
 
 ETA7
+       ......... ......... ......... ......... ......... ......... .........
 
 ETA8
+       ......... ......... ......... ......... ......... ......... ......... .........
 


 SIGMA - CORR MATRIX FOR RANDOM EFFECTS - EPSILONS  ***


         EPS1      EPS2     
 
 EPS1
+        9.36E-03
 
 EPS2
+       .........  2.40E+00
 
1
 ************************************************************************************************************************
 ********************                                                                                ********************
 ********************               FIRST ORDER CONDITIONAL ESTIMATION WITH INTERACTION              ********************
 ********************                          COVARIANCE MATRIX OF ESTIMATE                         ********************
 ********************                                                                                ********************
 ************************************************************************************************************************
 

            TH 1      TH 2      TH 3      TH 4      TH 5      TH 6      TH 7      TH 8      TH 9      TH10      TH11      TH12  
             TH13      TH14      TH15      TH16      OM11      OM12      OM13      OM14      OM15      OM16      OM17      OM18  
            OM22      OM23      OM24      OM25      OM26      OM27      OM28      OM33      OM34      OM35      OM36      OM37  
             OM38      OM44      OM45      OM46      OM47      OM48      OM55      OM56      OM57      OM58      OM66      OM67  
            OM68      OM77      OM78      OM88      SG11      SG12      SG22  
 
 TH 1
+       .........
 
 TH 2
+       ......... .........
 
 TH 3
+       ......... ......... .........
 
 TH 4
+       ......... ......... ......... .........
 
 TH 5
+       ......... ......... ......... ......... .........
 
 TH 6
+       ......... ......... ......... ......... ......... .........
 
 TH 7
+       ......... ......... ......... ......... ......... ......... .........
 
 TH 8
+       ......... ......... ......... ......... ......... ......... ......... .........
 
 TH 9
+       ......... ......... ......... ......... ......... ......... ......... ......... .........
 
 TH10
+       ......... ......... ......... ......... ......... ......... ......... ......... ......... .........
 
 TH11
+       ......... ......... ......... ......... ......... ......... ......... ......... ......... ......... .........
 
 TH12
+       ......... ......... ......... ......... ......... ......... ......... ......... ......... ......... ......... .........
 
 TH13
+       ......... ......... ......... ......... ......... ......... ......... ......... ......... ......... ......... .........
         .........
 
 TH14
+       ......... ......... ......... ......... ......... ......... ......... ......... ......... ......... ......... .........
         ......... .........
 
 TH15
+       ......... ......... ......... ......... ......... ......... ......... ......... ......... ......... ......... .........
         ......... ......... .........
 
 TH16
+       ......... ......... ......... ......... ......... ......... ......... ......... ......... ......... ......... .........
         ......... ......... ......... .........
 
 OM11
+       ......... ......... ......... ......... ......... ......... ......... ......... ......... ......... ......... .........
         ......... ......... ......... ......... .........
 
 OM12
+       ......... ......... ......... ......... ......... ......... ......... ......... ......... ......... ......... .........
         ......... ......... ......... ......... ......... .........
 
1

            TH 1      TH 2      TH 3      TH 4      TH 5      TH 6      TH 7      TH 8      TH 9      TH10      TH11      TH12  
             TH13      TH14      TH15      TH16      OM11      OM12      OM13      OM14      OM15      OM16      OM17      OM18  
            OM22      OM23      OM24      OM25      OM26      OM27      OM28      OM33      OM34      OM35      OM36      OM37  
             OM38      OM44      OM45      OM46      OM47      OM48      OM55      OM56      OM57      OM58      OM66      OM67  
            OM68      OM77      OM78      OM88      SG11      SG12      SG22  
 
 OM13
+       ......... ......... ......... ......... ......... ......... ......... ......... ......... ......... ......... .........
         ......... ......... ......... ......... ......... ......... .........
 
 OM14
+       ......... ......... ......... ......... ......... ......... ......... ......... ......... ......... ......... .........
         ......... ......... ......... ......... ......... ......... ......... .........
 
 OM15
+       ......... ......... ......... ......... ......... ......... ......... ......... ......... ......... ......... .........
         ......... ......... ......... ......... ......... ......... ......... ......... .........
 
 OM16
+       ......... ......... ......... ......... ......... ......... ......... ......... ......... ......... ......... .........
         ......... ......... ......... ......... ......... ......... ......... ......... ......... .........
 
 OM17
+       ......... ......... ......... ......... ......... ......... ......... ......... ......... ......... ......... .........
         ......... ......... ......... ......... ......... ......... ......... ......... ......... ......... .........
 
 OM18
+       ......... ......... ......... ......... ......... ......... ......... ......... ......... ......... ......... .........
         ......... ......... ......... ......... ......... ......... ......... ......... ......... ......... ......... .........
 
 OM22
+       ......... ......... ......... ......... ......... ......... ......... ......... ......... ......... ......... .........
         ......... ......... ......... ......... ......... ......... ......... ......... ......... ......... ......... .........
        .........
 
 OM23
+       ......... ......... ......... ......... ......... ......... ......... ......... ......... ......... ......... .........
         ......... ......... ......... ......... ......... ......... ......... ......... ......... ......... ......... .........
        ......... .........
 
 OM24
+       ......... ......... ......... ......... ......... ......... ......... ......... ......... ......... ......... .........
         ......... ......... ......... ......... ......... ......... ......... ......... ......... ......... ......... .........
        ......... ......... .........
 
 OM25
+       ......... ......... ......... ......... ......... ......... ......... ......... ......... ......... ......... .........
         ......... ......... ......... ......... ......... ......... ......... ......... ......... ......... ......... .........
        ......... ......... ......... .........
 
 OM26
+       ......... ......... ......... ......... ......... ......... ......... ......... ......... ......... ......... .........
         ......... ......... ......... ......... ......... ......... ......... ......... ......... ......... ......... .........
        ......... ......... ......... ......... .........
 
 OM27
+       ......... ......... ......... ......... ......... ......... ......... ......... ......... ......... ......... .........
         ......... ......... ......... ......... ......... ......... ......... ......... ......... ......... ......... .........
        ......... ......... ......... ......... ......... .........
 
 OM28
+       ......... ......... ......... ......... ......... ......... ......... ......... ......... ......... ......... .........
         ......... ......... ......... ......... ......... ......... ......... ......... ......... ......... ......... .........
        ......... ......... ......... ......... ......... ......... .........
 
1

            TH 1      TH 2      TH 3      TH 4      TH 5      TH 6      TH 7      TH 8      TH 9      TH10      TH11      TH12  
             TH13      TH14      TH15      TH16      OM11      OM12      OM13      OM14      OM15      OM16      OM17      OM18  
            OM22      OM23      OM24      OM25      OM26      OM27      OM28      OM33      OM34      OM35      OM36      OM37  
             OM38      OM44      OM45      OM46      OM47      OM48      OM55      OM56      OM57      OM58      OM66      OM67  
            OM68      OM77      OM78      OM88      SG11      SG12      SG22  
 
 OM33
+       ......... ......... ......... ......... ......... ......... ......... ......... ......... ......... ......... .........
         ......... ......... ......... ......... ......... ......... ......... ......... ......... ......... ......... .........
        ......... ......... ......... ......... ......... ......... ......... .........
 
 OM34
+       ......... ......... ......... ......... ......... ......... ......... ......... ......... ......... ......... .........
         ......... ......... ......... ......... ......... ......... ......... ......... ......... ......... ......... .........
        ......... ......... ......... ......... ......... ......... ......... ......... .........
 
 OM35
+       ......... ......... ......... ......... ......... ......... ......... ......... ......... ......... ......... .........
         ......... ......... ......... ......... ......... ......... ......... ......... ......... ......... ......... .........
        ......... ......... ......... ......... ......... ......... ......... ......... ......... .........
 
 OM36
+       ......... ......... ......... ......... ......... ......... ......... ......... ......... ......... ......... .........
         ......... ......... ......... ......... ......... ......... ......... ......... ......... ......... ......... .........
        ......... ......... ......... ......... ......... ......... ......... ......... ......... ......... .........
 
 OM37
+       ......... ......... ......... ......... ......... ......... ......... ......... ......... ......... ......... .........
         ......... ......... ......... ......... ......... ......... ......... ......... ......... ......... ......... .........
        ......... ......... ......... ......... ......... ......... ......... ......... ......... ......... ......... .........
 
 OM38
+       ......... ......... ......... ......... ......... ......... ......... ......... ......... ......... ......... .........
         ......... ......... ......... ......... ......... ......... ......... ......... ......... ......... ......... .........
        ......... ......... ......... ......... ......... ......... ......... ......... ......... ......... ......... .........
         .........
 
 OM44
+       ......... ......... ......... ......... ......... ......... ......... ......... ......... ......... ......... .........
         ......... ......... ......... ......... ......... ......... ......... ......... ......... ......... ......... .........
        ......... ......... ......... ......... ......... ......... ......... ......... ......... ......... ......... .........
         ......... .........
 
 OM45
+       ......... ......... ......... ......... ......... ......... ......... ......... ......... ......... ......... .........
         ......... ......... ......... ......... ......... ......... ......... ......... ......... ......... ......... .........
        ......... ......... ......... ......... ......... ......... ......... ......... ......... ......... ......... .........
         ......... ......... .........
 
 OM46
+       ......... ......... ......... ......... ......... ......... ......... ......... ......... ......... ......... .........
         ......... ......... ......... ......... ......... ......... ......... ......... ......... ......... ......... .........
        ......... ......... ......... ......... ......... ......... ......... ......... ......... ......... ......... .........
         ......... ......... ......... .........
 
 OM47
+       ......... ......... ......... ......... ......... ......... ......... ......... ......... ......... ......... .........
         ......... ......... ......... ......... ......... ......... ......... ......... ......... ......... ......... .........
        ......... ......... ......... ......... ......... ......... ......... ......... ......... ......... ......... .........
         ......... ......... ......... ......... .........
 
1

            TH 1      TH 2      TH 3      TH 4      TH 5      TH 6      TH 7      TH 8      TH 9      TH10      TH11      TH12  
             TH13      TH14      TH15      TH16      OM11      OM12      OM13      OM14      OM15      OM16      OM17      OM18  
            OM22      OM23      OM24      OM25      OM26      OM27      OM28      OM33      OM34      OM35      OM36      OM37  
             OM38      OM44      OM45      OM46      OM47      OM48      OM55      OM56      OM57      OM58      OM66      OM67  
            OM68      OM77      OM78      OM88      SG11      SG12      SG22  
 
 OM48
+       ......... ......... ......... ......... ......... ......... ......... ......... ......... ......... ......... .........
         ......... ......... ......... ......... ......... ......... ......... ......... ......... ......... ......... .........
        ......... ......... ......... ......... ......... ......... ......... ......... ......... ......... ......... .........
         ......... ......... ......... ......... ......... .........
 
 OM55
+       ......... ......... ......... ......... ......... ......... ......... ......... ......... ......... ......... .........
         ......... ......... ......... ......... ......... ......... ......... ......... ......... ......... ......... .........
        ......... ......... ......... ......... ......... ......... ......... ......... ......... ......... ......... .........
         ......... ......... ......... ......... ......... ......... .........
 
 OM56
+       ......... ......... ......... ......... ......... ......... ......... ......... ......... ......... ......... .........
         ......... ......... ......... ......... ......... ......... ......... ......... ......... ......... ......... .........
        ......... ......... ......... ......... ......... ......... ......... ......... ......... ......... ......... .........
         ......... ......... ......... ......... ......... ......... ......... .........
 
 OM57
+       ......... ......... ......... ......... ......... ......... ......... ......... ......... ......... ......... .........
         ......... ......... ......... ......... ......... ......... ......... ......... ......... ......... ......... .........
        ......... ......... ......... ......... ......... ......... ......... ......... ......... ......... ......... .........
         ......... ......... ......... ......... ......... ......... ......... ......... .........
 
 OM58
+       ......... ......... ......... ......... ......... ......... ......... ......... ......... ......... ......... .........
         ......... ......... ......... ......... ......... ......... ......... ......... ......... ......... ......... .........
        ......... ......... ......... ......... ......... ......... ......... ......... ......... ......... ......... .........
         ......... ......... ......... ......... ......... ......... ......... ......... ......... .........
 
 OM66
+       ......... ......... ......... ......... ......... ......... ......... ......... ......... ......... ......... .........
         ......... ......... ......... ......... ......... ......... ......... ......... ......... ......... ......... .........
        ......... ......... ......... ......... ......... ......... ......... ......... ......... ......... ......... .........
         ......... ......... ......... ......... ......... ......... ......... ......... ......... ......... .........
 
 OM67
+       ......... ......... ......... ......... ......... ......... ......... ......... ......... ......... ......... .........
         ......... ......... ......... ......... ......... ......... ......... ......... ......... ......... ......... .........
        ......... ......... ......... ......... ......... ......... ......... ......... ......... ......... ......... .........
         ......... ......... ......... ......... ......... ......... ......... ......... ......... ......... ......... .........
 
 OM68
+       ......... ......... ......... ......... ......... ......... ......... ......... ......... ......... ......... .........
         ......... ......... ......... ......... ......... ......... ......... ......... ......... ......... ......... .........
        ......... ......... ......... ......... ......... ......... ......... ......... ......... ......... ......... .........
         ......... ......... ......... ......... ......... ......... ......... ......... ......... ......... ......... .........
        .........
 
 OM77
+       ......... ......... ......... ......... ......... ......... ......... ......... ......... ......... ......... .........
         ......... ......... ......... ......... ......... ......... ......... ......... ......... ......... ......... .........
        ......... ......... ......... ......... ......... ......... ......... ......... ......... ......... ......... .........
         ......... ......... ......... ......... ......... ......... ......... ......... ......... ......... ......... .........
        ......... .........
 
1

            TH 1      TH 2      TH 3      TH 4      TH 5      TH 6      TH 7      TH 8      TH 9      TH10      TH11      TH12  
             TH13      TH14      TH15      TH16      OM11      OM12      OM13      OM14      OM15      OM16      OM17      OM18  
            OM22      OM23      OM24      OM25      OM26      OM27      OM28      OM33      OM34      OM35      OM36      OM37  
             OM38      OM44      OM45      OM46      OM47      OM48      OM55      OM56      OM57      OM58      OM66      OM67  
            OM68      OM77      OM78      OM88      SG11      SG12      SG22  
 
 OM78
+       ......... ......... ......... ......... ......... ......... ......... ......... ......... ......... ......... .........
         ......... ......... ......... ......... ......... ......... ......... ......... ......... ......... ......... .........
        ......... ......... ......... ......... ......... ......... ......... ......... ......... ......... ......... .........
         ......... ......... ......... ......... ......... ......... ......... ......... ......... ......... ......... .........
        ......... ......... .........
 
 OM88
+       ......... ......... ......... ......... ......... ......... ......... ......... ......... ......... ......... .........
         ......... ......... ......... ......... ......... ......... ......... ......... ......... ......... ......... .........
        ......... ......... ......... ......... ......... ......... ......... ......... ......... ......... ......... .........
         ......... ......... ......... ......... ......... ......... ......... ......... ......... ......... ......... .........
        ......... ......... ......... .........
 
 SG11
+       ......... ......... ......... ......... ......... ......... ......... ......... ......... ......... ......... .........
         ......... ......... ......... ......... ......... ......... ......... ......... ......... ......... ......... .........
        ......... ......... ......... ......... ......... ......... ......... ......... ......... ......... ......... .........
         ......... ......... ......... ......... ......... ......... ......... ......... ......... ......... ......... .........
        ......... ......... ......... .........  1.20E-07
 
 SG12
+       ......... ......... ......... ......... ......... ......... ......... ......... ......... ......... ......... .........
         ......... ......... ......... ......... ......... ......... ......... ......... ......... ......... ......... .........
        ......... ......... ......... ......... ......... ......... ......... ......... ......... ......... ......... .........
         ......... ......... ......... ......... ......... ......... ......... ......... ......... ......... ......... .........
        ......... ......... ......... ......... ......... .........
 
 SG22
+       ......... ......... ......... ......... ......... ......... ......... ......... ......... ......... ......... .........
         ......... ......... ......... ......... ......... ......... ......... ......... ......... ......... ......... .........
        ......... ......... ......... ......... ......... ......... ......... ......... ......... ......... ......... .........
         ......... ......... ......... ......... ......... ......... ......... ......... ......... ......... ......... .........
        ......... ......... ......... ......... -5.87E-03 .........  3.22E+03
 
1
 ************************************************************************************************************************
 ********************                                                                                ********************
 ********************               FIRST ORDER CONDITIONAL ESTIMATION WITH INTERACTION              ********************
 ********************                          CORRELATION MATRIX OF ESTIMATE                        ********************
 ********************                                                                                ********************
 ************************************************************************************************************************
 

            TH 1      TH 2      TH 3      TH 4      TH 5      TH 6      TH 7      TH 8      TH 9      TH10      TH11      TH12  
             TH13      TH14      TH15      TH16      OM11      OM12      OM13      OM14      OM15      OM16      OM17      OM18  
            OM22      OM23      OM24      OM25      OM26      OM27      OM28      OM33      OM34      OM35      OM36      OM37  
             OM38      OM44      OM45      OM46      OM47      OM48      OM55      OM56      OM57      OM58      OM66      OM67  
            OM68      OM77      OM78      OM88      SG11      SG12      SG22  
 
 TH 1
+       .........
 
 TH 2
+       ......... .........
 
 TH 3
+       ......... ......... .........
 
 TH 4
+       ......... ......... ......... .........
 
 TH 5
+       ......... ......... ......... ......... .........
 
 TH 6
+       ......... ......... ......... ......... ......... .........
 
 TH 7
+       ......... ......... ......... ......... ......... ......... .........
 
 TH 8
+       ......... ......... ......... ......... ......... ......... ......... .........
 
 TH 9
+       ......... ......... ......... ......... ......... ......... ......... ......... .........
 
 TH10
+       ......... ......... ......... ......... ......... ......... ......... ......... ......... .........
 
 TH11
+       ......... ......... ......... ......... ......... ......... ......... ......... ......... ......... .........
 
 TH12
+       ......... ......... ......... ......... ......... ......... ......... ......... ......... ......... ......... .........
 
 TH13
+       ......... ......... ......... ......... ......... ......... ......... ......... ......... ......... ......... .........
         .........
 
 TH14
+       ......... ......... ......... ......... ......... ......... ......... ......... ......... ......... ......... .........
         ......... .........
 
 TH15
+       ......... ......... ......... ......... ......... ......... ......... ......... ......... ......... ......... .........
         ......... ......... .........
 
 TH16
+       ......... ......... ......... ......... ......... ......... ......... ......... ......... ......... ......... .........
         ......... ......... ......... .........
 
 OM11
+       ......... ......... ......... ......... ......... ......... ......... ......... ......... ......... ......... .........
         ......... ......... ......... ......... .........
 
 OM12
+       ......... ......... ......... ......... ......... ......... ......... ......... ......... ......... ......... .........
         ......... ......... ......... ......... ......... .........
 
1

            TH 1      TH 2      TH 3      TH 4      TH 5      TH 6      TH 7      TH 8      TH 9      TH10      TH11      TH12  
             TH13      TH14      TH15      TH16      OM11      OM12      OM13      OM14      OM15      OM16      OM17      OM18  
            OM22      OM23      OM24      OM25      OM26      OM27      OM28      OM33      OM34      OM35      OM36      OM37  
             OM38      OM44      OM45      OM46      OM47      OM48      OM55      OM56      OM57      OM58      OM66      OM67  
            OM68      OM77      OM78      OM88      SG11      SG12      SG22  
 
 OM13
+       ......... ......... ......... ......... ......... ......... ......... ......... ......... ......... ......... .........
         ......... ......... ......... ......... ......... ......... .........
 
 OM14
+       ......... ......... ......... ......... ......... ......... ......... ......... ......... ......... ......... .........
         ......... ......... ......... ......... ......... ......... ......... .........
 
 OM15
+       ......... ......... ......... ......... ......... ......... ......... ......... ......... ......... ......... .........
         ......... ......... ......... ......... ......... ......... ......... ......... .........
 
 OM16
+       ......... ......... ......... ......... ......... ......... ......... ......... ......... ......... ......... .........
         ......... ......... ......... ......... ......... ......... ......... ......... ......... .........
 
 OM17
+       ......... ......... ......... ......... ......... ......... ......... ......... ......... ......... ......... .........
         ......... ......... ......... ......... ......... ......... ......... ......... ......... ......... .........
 
 OM18
+       ......... ......... ......... ......... ......... ......... ......... ......... ......... ......... ......... .........
         ......... ......... ......... ......... ......... ......... ......... ......... ......... ......... ......... .........
 
 OM22
+       ......... ......... ......... ......... ......... ......... ......... ......... ......... ......... ......... .........
         ......... ......... ......... ......... ......... ......... ......... ......... ......... ......... ......... .........
        .........
 
 OM23
+       ......... ......... ......... ......... ......... ......... ......... ......... ......... ......... ......... .........
         ......... ......... ......... ......... ......... ......... ......... ......... ......... ......... ......... .........
        ......... .........
 
 OM24
+       ......... ......... ......... ......... ......... ......... ......... ......... ......... ......... ......... .........
         ......... ......... ......... ......... ......... ......... ......... ......... ......... ......... ......... .........
        ......... ......... .........
 
 OM25
+       ......... ......... ......... ......... ......... ......... ......... ......... ......... ......... ......... .........
         ......... ......... ......... ......... ......... ......... ......... ......... ......... ......... ......... .........
        ......... ......... ......... .........
 
 OM26
+       ......... ......... ......... ......... ......... ......... ......... ......... ......... ......... ......... .........
         ......... ......... ......... ......... ......... ......... ......... ......... ......... ......... ......... .........
        ......... ......... ......... ......... .........
 
 OM27
+       ......... ......... ......... ......... ......... ......... ......... ......... ......... ......... ......... .........
         ......... ......... ......... ......... ......... ......... ......... ......... ......... ......... ......... .........
        ......... ......... ......... ......... ......... .........
 
 OM28
+       ......... ......... ......... ......... ......... ......... ......... ......... ......... ......... ......... .........
         ......... ......... ......... ......... ......... ......... ......... ......... ......... ......... ......... .........
        ......... ......... ......... ......... ......... ......... .........
 
1

            TH 1      TH 2      TH 3      TH 4      TH 5      TH 6      TH 7      TH 8      TH 9      TH10      TH11      TH12  
             TH13      TH14      TH15      TH16      OM11      OM12      OM13      OM14      OM15      OM16      OM17      OM18  
            OM22      OM23      OM24      OM25      OM26      OM27      OM28      OM33      OM34      OM35      OM36      OM37  
             OM38      OM44      OM45      OM46      OM47      OM48      OM55      OM56      OM57      OM58      OM66      OM67  
            OM68      OM77      OM78      OM88      SG11      SG12      SG22  
 
 OM33
+       ......... ......... ......... ......... ......... ......... ......... ......... ......... ......... ......... .........
         ......... ......... ......... ......... ......... ......... ......... ......... ......... ......... ......... .........
        ......... ......... ......... ......... ......... ......... ......... .........
 
 OM34
+       ......... ......... ......... ......... ......... ......... ......... ......... ......... ......... ......... .........
         ......... ......... ......... ......... ......... ......... ......... ......... ......... ......... ......... .........
        ......... ......... ......... ......... ......... ......... ......... ......... .........
 
 OM35
+       ......... ......... ......... ......... ......... ......... ......... ......... ......... ......... ......... .........
         ......... ......... ......... ......... ......... ......... ......... ......... ......... ......... ......... .........
        ......... ......... ......... ......... ......... ......... ......... ......... ......... .........
 
 OM36
+       ......... ......... ......... ......... ......... ......... ......... ......... ......... ......... ......... .........
         ......... ......... ......... ......... ......... ......... ......... ......... ......... ......... ......... .........
        ......... ......... ......... ......... ......... ......... ......... ......... ......... ......... .........
 
 OM37
+       ......... ......... ......... ......... ......... ......... ......... ......... ......... ......... ......... .........
         ......... ......... ......... ......... ......... ......... ......... ......... ......... ......... ......... .........
        ......... ......... ......... ......... ......... ......... ......... ......... ......... ......... ......... .........
 
 OM38
+       ......... ......... ......... ......... ......... ......... ......... ......... ......... ......... ......... .........
         ......... ......... ......... ......... ......... ......... ......... ......... ......... ......... ......... .........
        ......... ......... ......... ......... ......... ......... ......... ......... ......... ......... ......... .........
         .........
 
 OM44
+       ......... ......... ......... ......... ......... ......... ......... ......... ......... ......... ......... .........
         ......... ......... ......... ......... ......... ......... ......... ......... ......... ......... ......... .........
        ......... ......... ......... ......... ......... ......... ......... ......... ......... ......... ......... .........
         ......... .........
 
 OM45
+       ......... ......... ......... ......... ......... ......... ......... ......... ......... ......... ......... .........
         ......... ......... ......... ......... ......... ......... ......... ......... ......... ......... ......... .........
        ......... ......... ......... ......... ......... ......... ......... ......... ......... ......... ......... .........
         ......... ......... .........
 
 OM46
+       ......... ......... ......... ......... ......... ......... ......... ......... ......... ......... ......... .........
         ......... ......... ......... ......... ......... ......... ......... ......... ......... ......... ......... .........
        ......... ......... ......... ......... ......... ......... ......... ......... ......... ......... ......... .........
         ......... ......... ......... .........
 
 OM47
+       ......... ......... ......... ......... ......... ......... ......... ......... ......... ......... ......... .........
         ......... ......... ......... ......... ......... ......... ......... ......... ......... ......... ......... .........
        ......... ......... ......... ......... ......... ......... ......... ......... ......... ......... ......... .........
         ......... ......... ......... ......... .........
 
1

            TH 1      TH 2      TH 3      TH 4      TH 5      TH 6      TH 7      TH 8      TH 9      TH10      TH11      TH12  
             TH13      TH14      TH15      TH16      OM11      OM12      OM13      OM14      OM15      OM16      OM17      OM18  
            OM22      OM23      OM24      OM25      OM26      OM27      OM28      OM33      OM34      OM35      OM36      OM37  
             OM38      OM44      OM45      OM46      OM47      OM48      OM55      OM56      OM57      OM58      OM66      OM67  
            OM68      OM77      OM78      OM88      SG11      SG12      SG22  
 
 OM48
+       ......... ......... ......... ......... ......... ......... ......... ......... ......... ......... ......... .........
         ......... ......... ......... ......... ......... ......... ......... ......... ......... ......... ......... .........
        ......... ......... ......... ......... ......... ......... ......... ......... ......... ......... ......... .........
         ......... ......... ......... ......... ......... .........
 
 OM55
+       ......... ......... ......... ......... ......... ......... ......... ......... ......... ......... ......... .........
         ......... ......... ......... ......... ......... ......... ......... ......... ......... ......... ......... .........
        ......... ......... ......... ......... ......... ......... ......... ......... ......... ......... ......... .........
         ......... ......... ......... ......... ......... ......... .........
 
 OM56
+       ......... ......... ......... ......... ......... ......... ......... ......... ......... ......... ......... .........
         ......... ......... ......... ......... ......... ......... ......... ......... ......... ......... ......... .........
        ......... ......... ......... ......... ......... ......... ......... ......... ......... ......... ......... .........
         ......... ......... ......... ......... ......... ......... ......... .........
 
 OM57
+       ......... ......... ......... ......... ......... ......... ......... ......... ......... ......... ......... .........
         ......... ......... ......... ......... ......... ......... ......... ......... ......... ......... ......... .........
        ......... ......... ......... ......... ......... ......... ......... ......... ......... ......... ......... .........
         ......... ......... ......... ......... ......... ......... ......... ......... .........
 
 OM58
+       ......... ......... ......... ......... ......... ......... ......... ......... ......... ......... ......... .........
         ......... ......... ......... ......... ......... ......... ......... ......... ......... ......... ......... .........
        ......... ......... ......... ......... ......... ......... ......... ......... ......... ......... ......... .........
         ......... ......... ......... ......... ......... ......... ......... ......... ......... .........
 
 OM66
+       ......... ......... ......... ......... ......... ......... ......... ......... ......... ......... ......... .........
         ......... ......... ......... ......... ......... ......... ......... ......... ......... ......... ......... .........
        ......... ......... ......... ......... ......... ......... ......... ......... ......... ......... ......... .........
         ......... ......... ......... ......... ......... ......... ......... ......... ......... ......... .........
 
 OM67
+       ......... ......... ......... ......... ......... ......... ......... ......... ......... ......... ......... .........
         ......... ......... ......... ......... ......... ......... ......... ......... ......... ......... ......... .........
        ......... ......... ......... ......... ......... ......... ......... ......... ......... ......... ......... .........
         ......... ......... ......... ......... ......... ......... ......... ......... ......... ......... ......... .........
 
 OM68
+       ......... ......... ......... ......... ......... ......... ......... ......... ......... ......... ......... .........
         ......... ......... ......... ......... ......... ......... ......... ......... ......... ......... ......... .........
        ......... ......... ......... ......... ......... ......... ......... ......... ......... ......... ......... .........
         ......... ......... ......... ......... ......... ......... ......... ......... ......... ......... ......... .........
        .........
 
 OM77
+       ......... ......... ......... ......... ......... ......... ......... ......... ......... ......... ......... .........
         ......... ......... ......... ......... ......... ......... ......... ......... ......... ......... ......... .........
        ......... ......... ......... ......... ......... ......... ......... ......... ......... ......... ......... .........
         ......... ......... ......... ......... ......... ......... ......... ......... ......... ......... ......... .........
        ......... .........
 
1

            TH 1      TH 2      TH 3      TH 4      TH 5      TH 6      TH 7      TH 8      TH 9      TH10      TH11      TH12  
             TH13      TH14      TH15      TH16      OM11      OM12      OM13      OM14      OM15      OM16      OM17      OM18  
            OM22      OM23      OM24      OM25      OM26      OM27      OM28      OM33      OM34      OM35      OM36      OM37  
             OM38      OM44      OM45      OM46      OM47      OM48      OM55      OM56      OM57      OM58      OM66      OM67  
            OM68      OM77      OM78      OM88      SG11      SG12      SG22  
 
 OM78
+       ......... ......... ......... ......... ......... ......... ......... ......... ......... ......... ......... .........
         ......... ......... ......... ......... ......... ......... ......... ......... ......... ......... ......... .........
        ......... ......... ......... ......... ......... ......... ......... ......... ......... ......... ......... .........
         ......... ......... ......... ......... ......... ......... ......... ......... ......... ......... ......... .........
        ......... ......... .........
 
 OM88
+       ......... ......... ......... ......... ......... ......... ......... ......... ......... ......... ......... .........
         ......... ......... ......... ......... ......... ......... ......... ......... ......... ......... ......... .........
        ......... ......... ......... ......... ......... ......... ......... ......... ......... ......... ......... .........
         ......... ......... ......... ......... ......... ......... ......... ......... ......... ......... ......... .........
        ......... ......... ......... .........
 
 SG11
+       ......... ......... ......... ......... ......... ......... ......... ......... ......... ......... ......... .........
         ......... ......... ......... ......... ......... ......... ......... ......... ......... ......... ......... .........
        ......... ......... ......... ......... ......... ......... ......... ......... ......... ......... ......... .........
         ......... ......... ......... ......... ......... ......... ......... ......... ......... ......... ......... .........
        ......... ......... ......... .........  3.47E-04
 
 SG12
+       ......... ......... ......... ......... ......... ......... ......... ......... ......... ......... ......... .........
         ......... ......... ......... ......... ......... ......... ......... ......... ......... ......... ......... .........
        ......... ......... ......... ......... ......... ......... ......... ......... ......... ......... ......... .........
         ......... ......... ......... ......... ......... ......... ......... ......... ......... ......... ......... .........
        ......... ......... ......... ......... ......... .........
 
 SG22
+       ......... ......... ......... ......... ......... ......... ......... ......... ......... ......... ......... .........
         ......... ......... ......... ......... ......... ......... ......... ......... ......... ......... ......... .........
        ......... ......... ......... ......... ......... ......... ......... ......... ......... ......... ......... .........
         ......... ......... ......... ......... ......... ......... ......... ......... ......... ......... ......... .........
        ......... ......... ......... ......... -2.98E-01 .........  5.68E+01
 
1
 ************************************************************************************************************************
 ********************                                                                                ********************
 ********************               FIRST ORDER CONDITIONAL ESTIMATION WITH INTERACTION              ********************
 ********************                      INVERSE COVARIANCE MATRIX OF ESTIMATE                     ********************
 ********************                                                                                ********************
 ************************************************************************************************************************
 

            TH 1      TH 2      TH 3      TH 4      TH 5      TH 6      TH 7      TH 8      TH 9      TH10      TH11      TH12  
             TH13      TH14      TH15      TH16      OM11      OM12      OM13      OM14      OM15      OM16      OM17      OM18  
            OM22      OM23      OM24      OM25      OM26      OM27      OM28      OM33      OM34      OM35      OM36      OM37  
             OM38      OM44      OM45      OM46      OM47      OM48      OM55      OM56      OM57      OM58      OM66      OM67  
            OM68      OM77      OM78      OM88      SG11      SG12      SG22  
 
 TH 1
+       .........
 
 TH 2
+       ......... .........
 
 TH 3
+       ......... ......... .........
 
 TH 4
+       ......... ......... ......... .........
 
 TH 5
+       ......... ......... ......... ......... .........
 
 TH 6
+       ......... ......... ......... ......... ......... .........
 
 TH 7
+       ......... ......... ......... ......... ......... ......... .........
 
 TH 8
+       ......... ......... ......... ......... ......... ......... ......... .........
 
 TH 9
+       ......... ......... ......... ......... ......... ......... ......... ......... .........
 
 TH10
+       ......... ......... ......... ......... ......... ......... ......... ......... ......... .........
 
 TH11
+       ......... ......... ......... ......... ......... ......... ......... ......... ......... ......... .........
 
 TH12
+       ......... ......... ......... ......... ......... ......... ......... ......... ......... ......... ......... .........
 
 TH13
+       ......... ......... ......... ......... ......... ......... ......... ......... ......... ......... ......... .........
         .........
 
 TH14
+       ......... ......... ......... ......... ......... ......... ......... ......... ......... ......... ......... .........
         ......... .........
 
 TH15
+       ......... ......... ......... ......... ......... ......... ......... ......... ......... ......... ......... .........
         ......... ......... .........
 
 TH16
+       ......... ......... ......... ......... ......... ......... ......... ......... ......... ......... ......... .........
         ......... ......... ......... .........
 
 OM11
+       ......... ......... ......... ......... ......... ......... ......... ......... ......... ......... ......... .........
         ......... ......... ......... ......... .........
 
 OM12
+       ......... ......... ......... ......... ......... ......... ......... ......... ......... ......... ......... .........
         ......... ......... ......... ......... ......... .........
 
1

            TH 1      TH 2      TH 3      TH 4      TH 5      TH 6      TH 7      TH 8      TH 9      TH10      TH11      TH12  
             TH13      TH14      TH15      TH16      OM11      OM12      OM13      OM14      OM15      OM16      OM17      OM18  
            OM22      OM23      OM24      OM25      OM26      OM27      OM28      OM33      OM34      OM35      OM36      OM37  
             OM38      OM44      OM45      OM46      OM47      OM48      OM55      OM56      OM57      OM58      OM66      OM67  
            OM68      OM77      OM78      OM88      SG11      SG12      SG22  
 
 OM13
+       ......... ......... ......... ......... ......... ......... ......... ......... ......... ......... ......... .........
         ......... ......... ......... ......... ......... ......... .........
 
 OM14
+       ......... ......... ......... ......... ......... ......... ......... ......... ......... ......... ......... .........
         ......... ......... ......... ......... ......... ......... ......... .........
 
 OM15
+       ......... ......... ......... ......... ......... ......... ......... ......... ......... ......... ......... .........
         ......... ......... ......... ......... ......... ......... ......... ......... .........
 
 OM16
+       ......... ......... ......... ......... ......... ......... ......... ......... ......... ......... ......... .........
         ......... ......... ......... ......... ......... ......... ......... ......... ......... .........
 
 OM17
+       ......... ......... ......... ......... ......... ......... ......... ......... ......... ......... ......... .........
         ......... ......... ......... ......... ......... ......... ......... ......... ......... ......... .........
 
 OM18
+       ......... ......... ......... ......... ......... ......... ......... ......... ......... ......... ......... .........
         ......... ......... ......... ......... ......... ......... ......... ......... ......... ......... ......... .........
 
 OM22
+       ......... ......... ......... ......... ......... ......... ......... ......... ......... ......... ......... .........
         ......... ......... ......... ......... ......... ......... ......... ......... ......... ......... ......... .........
        .........
 
 OM23
+       ......... ......... ......... ......... ......... ......... ......... ......... ......... ......... ......... .........
         ......... ......... ......... ......... ......... ......... ......... ......... ......... ......... ......... .........
        ......... .........
 
 OM24
+       ......... ......... ......... ......... ......... ......... ......... ......... ......... ......... ......... .........
         ......... ......... ......... ......... ......... ......... ......... ......... ......... ......... ......... .........
        ......... ......... .........
 
 OM25
+       ......... ......... ......... ......... ......... ......... ......... ......... ......... ......... ......... .........
         ......... ......... ......... ......... ......... ......... ......... ......... ......... ......... ......... .........
        ......... ......... ......... .........
 
 OM26
+       ......... ......... ......... ......... ......... ......... ......... ......... ......... ......... ......... .........
         ......... ......... ......... ......... ......... ......... ......... ......... ......... ......... ......... .........
        ......... ......... ......... ......... .........
 
 OM27
+       ......... ......... ......... ......... ......... ......... ......... ......... ......... ......... ......... .........
         ......... ......... ......... ......... ......... ......... ......... ......... ......... ......... ......... .........
        ......... ......... ......... ......... ......... .........
 
 OM28
+       ......... ......... ......... ......... ......... ......... ......... ......... ......... ......... ......... .........
         ......... ......... ......... ......... ......... ......... ......... ......... ......... ......... ......... .........
        ......... ......... ......... ......... ......... ......... .........
 
1

            TH 1      TH 2      TH 3      TH 4      TH 5      TH 6      TH 7      TH 8      TH 9      TH10      TH11      TH12  
             TH13      TH14      TH15      TH16      OM11      OM12      OM13      OM14      OM15      OM16      OM17      OM18  
            OM22      OM23      OM24      OM25      OM26      OM27      OM28      OM33      OM34      OM35      OM36      OM37  
             OM38      OM44      OM45      OM46      OM47      OM48      OM55      OM56      OM57      OM58      OM66      OM67  
            OM68      OM77      OM78      OM88      SG11      SG12      SG22  
 
 OM33
+       ......... ......... ......... ......... ......... ......... ......... ......... ......... ......... ......... .........
         ......... ......... ......... ......... ......... ......... ......... ......... ......... ......... ......... .........
        ......... ......... ......... ......... ......... ......... ......... .........
 
 OM34
+       ......... ......... ......... ......... ......... ......... ......... ......... ......... ......... ......... .........
         ......... ......... ......... ......... ......... ......... ......... ......... ......... ......... ......... .........
        ......... ......... ......... ......... ......... ......... ......... ......... .........
 
 OM35
+       ......... ......... ......... ......... ......... ......... ......... ......... ......... ......... ......... .........
         ......... ......... ......... ......... ......... ......... ......... ......... ......... ......... ......... .........
        ......... ......... ......... ......... ......... ......... ......... ......... ......... .........
 
 OM36
+       ......... ......... ......... ......... ......... ......... ......... ......... ......... ......... ......... .........
         ......... ......... ......... ......... ......... ......... ......... ......... ......... ......... ......... .........
        ......... ......... ......... ......... ......... ......... ......... ......... ......... ......... .........
 
 OM37
+       ......... ......... ......... ......... ......... ......... ......... ......... ......... ......... ......... .........
         ......... ......... ......... ......... ......... ......... ......... ......... ......... ......... ......... .........
        ......... ......... ......... ......... ......... ......... ......... ......... ......... ......... ......... .........
 
 OM38
+       ......... ......... ......... ......... ......... ......... ......... ......... ......... ......... ......... .........
         ......... ......... ......... ......... ......... ......... ......... ......... ......... ......... ......... .........
        ......... ......... ......... ......... ......... ......... ......... ......... ......... ......... ......... .........
         .........
 
 OM44
+       ......... ......... ......... ......... ......... ......... ......... ......... ......... ......... ......... .........
         ......... ......... ......... ......... ......... ......... ......... ......... ......... ......... ......... .........
        ......... ......... ......... ......... ......... ......... ......... ......... ......... ......... ......... .........
         ......... .........
 
 OM45
+       ......... ......... ......... ......... ......... ......... ......... ......... ......... ......... ......... .........
         ......... ......... ......... ......... ......... ......... ......... ......... ......... ......... ......... .........
        ......... ......... ......... ......... ......... ......... ......... ......... ......... ......... ......... .........
         ......... ......... .........
 
 OM46
+       ......... ......... ......... ......... ......... ......... ......... ......... ......... ......... ......... .........
         ......... ......... ......... ......... ......... ......... ......... ......... ......... ......... ......... .........
        ......... ......... ......... ......... ......... ......... ......... ......... ......... ......... ......... .........
         ......... ......... ......... .........
 
 OM47
+       ......... ......... ......... ......... ......... ......... ......... ......... ......... ......... ......... .........
         ......... ......... ......... ......... ......... ......... ......... ......... ......... ......... ......... .........
        ......... ......... ......... ......... ......... ......... ......... ......... ......... ......... ......... .........
         ......... ......... ......... ......... .........
 
1

            TH 1      TH 2      TH 3      TH 4      TH 5      TH 6      TH 7      TH 8      TH 9      TH10      TH11      TH12  
             TH13      TH14      TH15      TH16      OM11      OM12      OM13      OM14      OM15      OM16      OM17      OM18  
            OM22      OM23      OM24      OM25      OM26      OM27      OM28      OM33      OM34      OM35      OM36      OM37  
             OM38      OM44      OM45      OM46      OM47      OM48      OM55      OM56      OM57      OM58      OM66      OM67  
            OM68      OM77      OM78      OM88      SG11      SG12      SG22  
 
 OM48
+       ......... ......... ......... ......... ......... ......... ......... ......... ......... ......... ......... .........
         ......... ......... ......... ......... ......... ......... ......... ......... ......... ......... ......... .........
        ......... ......... ......... ......... ......... ......... ......... ......... ......... ......... ......... .........
         ......... ......... ......... ......... ......... .........
 
 OM55
+       ......... ......... ......... ......... ......... ......... ......... ......... ......... ......... ......... .........
         ......... ......... ......... ......... ......... ......... ......... ......... ......... ......... ......... .........
        ......... ......... ......... ......... ......... ......... ......... ......... ......... ......... ......... .........
         ......... ......... ......... ......... ......... ......... .........
 
 OM56
+       ......... ......... ......... ......... ......... ......... ......... ......... ......... ......... ......... .........
         ......... ......... ......... ......... ......... ......... ......... ......... ......... ......... ......... .........
        ......... ......... ......... ......... ......... ......... ......... ......... ......... ......... ......... .........
         ......... ......... ......... ......... ......... ......... ......... .........
 
 OM57
+       ......... ......... ......... ......... ......... ......... ......... ......... ......... ......... ......... .........
         ......... ......... ......... ......... ......... ......... ......... ......... ......... ......... ......... .........
        ......... ......... ......... ......... ......... ......... ......... ......... ......... ......... ......... .........
         ......... ......... ......... ......... ......... ......... ......... ......... .........
 
 OM58
+       ......... ......... ......... ......... ......... ......... ......... ......... ......... ......... ......... .........
         ......... ......... ......... ......... ......... ......... ......... ......... ......... ......... ......... .........
        ......... ......... ......... ......... ......... ......... ......... ......... ......... ......... ......... .........
         ......... ......... ......... ......... ......... ......... ......... ......... ......... .........
 
 OM66
+       ......... ......... ......... ......... ......... ......... ......... ......... ......... ......... ......... .........
         ......... ......... ......... ......... ......... ......... ......... ......... ......... ......... ......... .........
        ......... ......... ......... ......... ......... ......... ......... ......... ......... ......... ......... .........
         ......... ......... ......... ......... ......... ......... ......... ......... ......... ......... .........
 
 OM67
+       ......... ......... ......... ......... ......... ......... ......... ......... ......... ......... ......... .........
         ......... ......... ......... ......... ......... ......... ......... ......... ......... ......... ......... .........
        ......... ......... ......... ......... ......... ......... ......... ......... ......... ......... ......... .........
         ......... ......... ......... ......... ......... ......... ......... ......... ......... ......... ......... .........
 
 OM68
+       ......... ......... ......... ......... ......... ......... ......... ......... ......... ......... ......... .........
         ......... ......... ......... ......... ......... ......... ......... ......... ......... ......... ......... .........
        ......... ......... ......... ......... ......... ......... ......... ......... ......... ......... ......... .........
         ......... ......... ......... ......... ......... ......... ......... ......... ......... ......... ......... .........
        .........
 
 OM77
+       ......... ......... ......... ......... ......... ......... ......... ......... ......... ......... ......... .........
         ......... ......... ......... ......... ......... ......... ......... ......... ......... ......... ......... .........
        ......... ......... ......... ......... ......... ......... ......... ......... ......... ......... ......... .........
         ......... ......... ......... ......... ......... ......... ......... ......... ......... ......... ......... .........
        ......... .........
 
1

            TH 1      TH 2      TH 3      TH 4      TH 5      TH 6      TH 7      TH 8      TH 9      TH10      TH11      TH12  
             TH13      TH14      TH15      TH16      OM11      OM12      OM13      OM14      OM15      OM16      OM17      OM18  
            OM22      OM23      OM24      OM25      OM26      OM27      OM28      OM33      OM34      OM35      OM36      OM37  
             OM38      OM44      OM45      OM46      OM47      OM48      OM55      OM56      OM57      OM58      OM66      OM67  
            OM68      OM77      OM78      OM88      SG11      SG12      SG22  
 
 OM78
+       ......... ......... ......... ......... ......... ......... ......... ......... ......... ......... ......... .........
         ......... ......... ......... ......... ......... ......... ......... ......... ......... ......... ......... .........
        ......... ......... ......... ......... ......... ......... ......... ......... ......... ......... ......... .........
         ......... ......... ......... ......... ......... ......... ......... ......... ......... ......... ......... .........
        ......... ......... .........
 
 OM88
+       ......... ......... ......... ......... ......... ......... ......... ......... ......... ......... ......... .........
         ......... ......... ......... ......... ......... ......... ......... ......... ......... ......... ......... .........
        ......... ......... ......... ......... ......... ......... ......... ......... ......... ......... ......... .........
         ......... ......... ......... ......... ......... ......... ......... ......... ......... ......... ......... .........
        ......... ......... ......... .........
 
 SG11
+       ......... ......... ......... ......... ......... ......... ......... ......... ......... ......... ......... .........
         ......... ......... ......... ......... ......... ......... ......... ......... ......... ......... ......... .........
        ......... ......... ......... ......... ......... ......... ......... ......... ......... ......... ......... .........
         ......... ......... ......... ......... ......... ......... ......... ......... ......... ......... ......... .........
        ......... ......... ......... .........  9.13E+06
 
 SG12
+       ......... ......... ......... ......... ......... ......... ......... ......... ......... ......... ......... .........
         ......... ......... ......... ......... ......... ......... ......... ......... ......... ......... ......... .........
        ......... ......... ......... ......... ......... ......... ......... ......... ......... ......... ......... .........
         ......... ......... ......... ......... ......... ......... ......... ......... ......... ......... ......... .........
        ......... ......... ......... ......... ......... .........
 
 SG22
+       ......... ......... ......... ......... ......... ......... ......... ......... ......... ......... ......... .........
         ......... ......... ......... ......... ......... ......... ......... ......... ......... ......... ......... .........
        ......... ......... ......... ......... ......... ......... ......... ......... ......... ......... ......... .........
         ......... ......... ......... ......... ......... ......... ......... ......... ......... ......... ......... .........
        ......... ......... ......... .........  1.66E+01 .........  3.41E-04
 
 Elapsed finaloutput time in seconds:    11.07
 #CPUT: Total CPU Time in Seconds,     4302.030
Stop Time:
Wed 17 Mar 2021 09:57:49 AM CET
